Archive member included because of file (symbol)

build/sky///contiki-ng-sky.a(uart1-putchar.o)
                              build/sky///obj/contiki-main.o (putchar)
build/sky///contiki-ng-sky.a(platform.o)
                              build/sky///obj/contiki-main.o (platform_init_stage_one)
build/sky///contiki-ng-sky.a(msp430.o)
                              build/sky///contiki-ng-sky.a(platform.o) (msp430_dco_required)
build/sky///contiki-ng-sky.a(clock.o)
                              build/sky///obj/contiki-main.o (clock_init)
build/sky///contiki-ng-sky.a(leds.o)
                              build/sky///contiki-ng-sky.a(platform.o) (leds_init)
build/sky///contiki-ng-sky.a(leds-arch.o)
                              build/sky///contiki-ng-sky.a(leds.o) (leds_arch_init)
build/sky///contiki-ng-sky.a(watchdog.o)
                              build/sky///obj/contiki-main.o (watchdog_start)
build/sky///contiki-ng-sky.a(ctimer.o)
                              build/sky///obj/contiki-main.o (ctimer_init)
build/sky///contiki-ng-sky.a(log.o)
                              build/sky///obj/contiki-main.o (log_6addr)
build/sky///contiki-ng-sky.a(autostart.o)
                              build/sky///obj/contiki-main.o (autostart_start)
build/sky///contiki-ng-sky.a(energest.o)
                              build/sky///obj/contiki-main.o (energest_init)
build/sky///contiki-ng-sky.a(etimer.o)
                              build/sky///contiki-ng-sky.a(clock.o) (etimer_request_poll)
build/sky///contiki-ng-sky.a(node-id.o)
                              build/sky///obj/contiki-main.o (node_id_init)
build/sky///contiki-ng-sky.a(process.o)
                              build/sky///contiki-ng-sky.a(ctimer.o) (process_current)
build/sky///contiki-ng-sky.a(rtimer.o)
                              build/sky///obj/contiki-main.o (rtimer_init)
build/sky///contiki-ng-sky.a(timer.o)
                              build/sky///contiki-ng-sky.a(platform.o) (timer_set)
build/sky///contiki-ng-sky.a(list.o)
                              build/sky///contiki-ng-sky.a(ctimer.o) (list_init)
build/sky///contiki-ng-sky.a(random.o)
                              build/sky///contiki-ng-sky.a(platform.o) (random_init)
build/sky///contiki-ng-sky.a(queuebuf.o)
                              build/sky///obj/contiki-main.o (queuebuf_init)
build/sky///contiki-ng-sky.a(packetbuf.o)
                              build/sky///contiki-ng-sky.a(queuebuf.o) (packetbuf_copyto)
build/sky///contiki-ng-sky.a(netstack.o)
                              build/sky///obj/contiki-main.o (netstack_init)
build/sky///contiki-ng-sky.a(linkaddr.o)
                              build/sky///contiki-ng-sky.a(platform.o) (linkaddr_copy)
build/sky///contiki-ng-sky.a(csma.o)
                              build/sky///obj/contiki-main.o (csma_driver)
build/sky///contiki-ng-sky.a(csma-output.o)
                              build/sky///contiki-ng-sky.a(csma.o) (csma_output_packet)
build/sky///contiki-ng-sky.a(uip-ds6.o)
                              build/sky///obj/contiki-main.o (uip_ds6_get_link_local)
build/sky///contiki-ng-sky.a(uiplib.o)
                              build/sky///contiki-ng-sky.a(log.o) (uiplib_ipaddr_snprint)
build/sky///contiki-ng-sky.a(tcpip.o)
                              build/sky///obj/contiki-main.o (tcpip_process)
build/sky///contiki-ng-sky.a(uip-ds6-route.o)
                              build/sky///contiki-ng-sky.a(uip-ds6.o) (uip_ds6_route_init)
build/sky///contiki-ng-sky.a(uip-ds6-nbr.o)
                              build/sky///contiki-ng-sky.a(uip-ds6.o) (uip_ds6_neighbors_init)
build/sky///contiki-ng-sky.a(uip6.o)
                              build/sky///contiki-ng-sky.a(tcpip.o) (uip_aligned_buf)
build/sky///contiki-ng-sky.a(uip-nd6.o)
                              build/sky///contiki-ng-sky.a(uip6.o) (uip_nd6_init)
build/sky///contiki-ng-sky.a(simple-udp.o)
                              sink.o (simple_udp_register)
build/sky///contiki-ng-sky.a(sicslowpan.o)
                              build/sky///obj/contiki-main.o (sicslowpan_driver)
build/sky///contiki-ng-sky.a(rpl.o)
                              sink.o (rpl_classic_driver)
build/sky///contiki-ng-sky.a(rpl-dag-root.o)
                              build/sky///contiki-ng-sky.a(rpl.o) (rpl_dag_root_set_prefix)
build/sky///contiki-ng-sky.a(contiki-sky-pla)
                              build/sky///contiki-ng-sky.a(platform.o) (init_platform)
build/sky///contiki-ng-sky.a(button-sensor.o)
                              build/sky///contiki-ng-sky.a(contiki-sky-pla) (button_sensor)
build/sky///contiki-ng-sky.a(ds2411.o)
                              build/sky///contiki-ng-sky.a(platform.o) (ds2411_init)
build/sky///contiki-ng-sky.a(xmem.o)
                              build/sky///contiki-ng-sky.a(platform.o) (xmem_init)
build/sky///contiki-ng-sky.a(sensors.o)
                              build/sky///contiki-ng-sky.a(button-sensor.o) (sensors_changed)
build/sky///contiki-ng-sky.a(cc2420.o)
[...]
Memory Configuration

Name             Origin             Length             Attributes
sfr              0x00000000         0x00000010
peripheral_8bit  0x00000010         0x000000f0
peripheral_16bit 0x00000100         0x00000100
ram_mirror       0x00000200         0x00000800         xw
infomem          0x00001000         0x00000100
infob            0x00001000         0x00000080
infoa            0x00001080         0x00000080
ram              0x00001100         0x00002800         xw
rom              0x00004000         0x0000bfe0         xr
vectors          0x0000ffe0         0x00000020
bsl              0x00000000         0x00000000
infoc            0x00000000         0x00000000
infod            0x00000000         0x00000000
ram2             0x00000000         0x00000000         xw
usbram           0x00000000         0x00000000         xw
far_rom          0x00000000         0x00000000
*default*        0x00000000         0xffffffff

Linker script and memory map

LOAD /usr/local/bin/../lib/gcc/msp430/4.7.2/mmpy-16/crt0ivtbl16.o
                0x0000353e                _stack = _end
LOAD sink.o
LOAD build/sky///obj/contiki-main.o
LOAD build/sky///contiki-ng-sky.a
LOAD /usr/local/bin/../lib/gcc/msp430/4.7.2/mmpy-16/libgcc.a
LOAD /usr/local/bin/../lib/gcc/msp430/4.7.2/../../../../msp430/lib/mmpy-16/libc.a
LOAD /usr/local/bin/../lib/gcc/msp430/4.7.2/mmpy-16/libgcc.a
LOAD /usr/local/bin/../lib/gcc/msp430/4.7.2/mmpy-16/libcrt0.a
                0x00000080                PROVIDE (__info_segment_size, 0x80)
                0x00001000                PROVIDE (__infob, 0x1000)
                0x00001080                PROVIDE (__infoa, 0x1080)
                0x00000000                __IE1 = 0x0
                0x00000002                __IFG1 = 0x2
                0x00000004                __ME1 = 0x4
                0x00000001                __IE2 = 0x1
                0x00000003                __IFG2 = 0x3
                0x00000005                __ME2 = 0x5
                0x00000120                __WDTCTL = 0x120
                0x00000130                __MPY = 0x130
                0x00000132                __MPYS = 0x132
                0x00000134                __MAC = 0x134
                0x00000136                __MACS = 0x136
                0x00000138                __OP2 = 0x138
                0x0000013a                __RESLO = 0x13a
                0x0000013c                __RESHI = 0x13c
                0x0000013e                __SUMEXT = 0x13e
                0x00000020                __P1IN = 0x20
                0x00000021                __P1OUT = 0x21
                0x00000022                __P1DIR = 0x22
                0x00000023                __P1IFG = 0x23
                0x00000024                __P1IES = 0x24
                0x00000025                __P1IE = 0x25
                0x00000026                __P1SEL = 0x26
                0x00000028                __P2IN = 0x28
                0x00000029                __P2OUT = 0x29
                0x0000002a                __P2DIR = 0x2a
                0x0000002b                __P2IFG = 0x2b
                0x0000002c                __P2IES = 0x2c
                0x0000002d                __P2IE = 0x2d
                0x0000002e                __P2SEL = 0x2e
                0x00000018                __P3IN = 0x18
                0x00000019                __P3OUT = 0x19
                0x0000001a                __P3DIR = 0x1a
                0x0000001b                __P3SEL = 0x1b
                0x0000001c                __P4IN = 0x1c
                0x0000001d                __P4OUT = 0x1d
                0x0000001e                __P4DIR = 0x1e
                0x0000001f                __P4SEL = 0x1f
                0x00000030                __P5IN = 0x30
                0x00000031                __P5OUT = 0x31
                0x00000032                __P5DIR = 0x32
                0x00000033                __P5SEL = 0x33
                0x00000034                __P6IN = 0x34
                0x00000035                __P6OUT = 0x35
                0x00000036                __P6DIR = 0x36
                0x00000037                __P6SEL = 0x37
                0x00000070                __U0CTL = 0x70
                0x00000071                __U0TCTL = 0x71
                0x00000072                __U0RCTL = 0x72
                0x00000073                __U0MCTL = 0x73
                0x00000074                __U0BR0 = 0x74
                0x00000075                __U0BR1 = 0x75
                0x00000076                __U0RXBUF = 0x76
                0x00000077                __U0TXBUF = 0x77
                0x00000078                __U1CTL = 0x78
                0x00000079                __U1TCTL = 0x79
                0x0000007a                __U1RCTL = 0x7a
                0x0000007b                __U1MCTL = 0x7b
                0x0000007c                __U1BR0 = 0x7c
                0x0000007d                __U1BR1 = 0x7d
                0x0000007e                __U1RXBUF = 0x7e
                0x0000007f                __U1TXBUF = 0x7f
                0x00000050                __I2CIE = 0x50
                0x00000051                __I2CIFG = 0x51
                0x00000052                __I2CNDAT = 0x52
                0x00000071                __I2CTCTL = 0x71
                0x00000072                __I2CDCTL = 0x72
                0x00000073                __I2CPSC = 0x73
                0x00000074                __I2CSCLH = 0x74
                0x00000075                __I2CSCLL = 0x75
                0x00000076                __I2CDRB = 0x76
                0x00000076                __I2CDRW = 0x76
                0x00000118                __I2COA = 0x118
                0x0000011a                __I2CSA = 0x11a
                0x0000011c                __I2CIV = 0x11c
                0x0000012e                __TAIV = 0x12e
                0x00000160                __TACTL = 0x160
                0x00000162                __TACCTL0 = 0x162
                0x00000164                __TACCTL1 = 0x164
                0x00000166                __TACCTL2 = 0x166
                0x00000170                __TAR = 0x170
                0x00000172                __TACCR0 = 0x172
                0x00000174                __TACCR1 = 0x174
                0x00000176                __TACCR2 = 0x176
                0x0000011e                __TBIV = 0x11e
                0x00000180                __TBCTL = 0x180
                0x00000182                __TBCCTL0 = 0x182
                0x00000184                __TBCCTL1 = 0x184
                0x00000186                __TBCCTL2 = 0x186
                0x00000188                __TBCCTL3 = 0x188
                0x0000018a                __TBCCTL4 = 0x18a
                0x0000018c                __TBCCTL5 = 0x18c
                0x0000018e                __TBCCTL6 = 0x18e
                0x00000190                __TBR = 0x190
                0x00000192                __TBCCR0 = 0x192
                0x00000194                __TBCCR1 = 0x194
                0x00000196                __TBCCR2 = 0x196
                0x00000198                __TBCCR3 = 0x198
                0x0000019a                __TBCCR4 = 0x19a
                0x0000019c                __TBCCR5 = 0x19c
                0x0000019e                __TBCCR6 = 0x19e
                0x00000056                __DCOCTL = 0x56
                0x00000057                __BCSCTL1 = 0x57
                0x00000058                __BCSCTL2 = 0x58
                0x00000055                __SVSCTL = 0x55
                0x00000128                __FCTL1 = 0x128
                0x0000012a                __FCTL2 = 0x12a
                0x0000012c                __FCTL3 = 0x12c
                0x00000059                __CACTL1 = 0x59
                0x0000005a                __CACTL2 = 0x5a
                0x0000005b                __CAPD = 0x5b
                0x000001a0                __ADC12CTL0 = 0x1a0
                0x000001a2                __ADC12CTL1 = 0x1a2
                0x000001a4                __ADC12IFG = 0x1a4
                0x000001a6                __ADC12IE = 0x1a6
                0x000001a8                __ADC12IV = 0x1a8
                0x00000140                __ADC12MEM0 = 0x140
                0x00000142                __ADC12MEM1 = 0x142
                0x00000144                __ADC12MEM2 = 0x144
                0x00000146                __ADC12MEM3 = 0x146
                0x00000148                __ADC12MEM4 = 0x148
                0x0000014a                __ADC12MEM5 = 0x14a
                0x0000014c                __ADC12MEM6 = 0x14c
                0x0000014e                __ADC12MEM7 = 0x14e
                0x00000150                __ADC12MEM8 = 0x150
                0x00000152                __ADC12MEM9 = 0x152
                0x00000154                __ADC12MEM10 = 0x154
                0x00000156                __ADC12MEM11 = 0x156
                0x00000158                __ADC12MEM12 = 0x158
                0x0000015a                __ADC12MEM13 = 0x15a
                0x0000015c                __ADC12MEM14 = 0x15c
                0x0000015e                __ADC12MEM15 = 0x15e
                0x00000080                __ADC12MCTL0 = 0x80
                0x00000081                __ADC12MCTL1 = 0x81
                0x00000082                __ADC12MCTL2 = 0x82
                0x00000083                __ADC12MCTL3 = 0x83
                0x00000084                __ADC12MCTL4 = 0x84
                0x00000085                __ADC12MCTL5 = 0x85
                0x00000086                __ADC12MCTL6 = 0x86
                0x00000087                __ADC12MCTL7 = 0x87
                0x00000088                __ADC12MCTL8 = 0x88
                0x00000089                __ADC12MCTL9 = 0x89
                0x0000008a                __ADC12MCTL10 = 0x8a
                0x0000008b                __ADC12MCTL11 = 0x8b
                0x0000008c                __ADC12MCTL12 = 0x8c
                0x0000008d                __ADC12MCTL13 = 0x8d
                0x0000008e                __ADC12MCTL14 = 0x8e
                0x0000008f                __ADC12MCTL15 = 0x8f
                0x000001c0                __DAC12_0CTL = 0x1c0
                0x000001c2                __DAC12_1CTL = 0x1c2
                0x000001c8                __DAC12_0DAT = 0x1c8
                0x000001ca                __DAC12_1DAT = 0x1ca
                0x00000122                __DMACTL0 = 0x122
                0x00000124                __DMACTL1 = 0x124
                0x000001e0                __DMA0CTL = 0x1e0
                0x000001e8                __DMA1CTL = 0x1e8
                0x000001f0                __DMA2CTL = 0x1f0
                0x000001e2                __DMA0SA = 0x1e2
                0x000001e4                __DMA0DA = 0x1e4
                0x000001e6                __DMA0SZ = 0x1e6
                0x000001ea                __DMA1SA = 0x1ea
                0x000001ec                __DMA1DA = 0x1ec
                0x000001ee                __DMA1SZ = 0x1ee
                0x000001f2                __DMA2SA = 0x1f2
                0x000001f4                __DMA2DA = 0x1f4
                0x000001f6                __DMA2SZ = 0x1f6

.hash
 *(.hash)

.dynsym
 *(.dynsym)

.dynstr
 *(.dynstr)

.gnu.version
 *(.gnu.version)

.gnu.version_d
 *(.gnu.version_d)

.gnu.version_r
 *(.gnu.version_r)

.rel.init
 *(.rel.init)

.rela.init
 *(.rela.init)

.rel.fini
 *(.rel.fini)

.rela.fini
 *(.rela.fini)

.rel.text
 *(.rel.text .rel.text.* .rel.gnu.linkonce.t.*)

.rela.text
 *(.rela.text .rela.text.* .rela.gnu.linkonce.t.*)

.rel.rodata
 *(.rel.rodata .rel.rodata.* .rel.gnu.linkonce.r.*)

.rela.rodata
 *(.rela.rodata .rela.rodata.* .rela.gnu.linkonce.r.*)

.rel.data
 *(.rel.data .rel.data.* .rel.gnu.linkonce.d.*)

.rela.data
 *(.rela.data .rela.data.* .rela.gnu.linkonce.d.*)

.rel.bss
 *(.rel.bss .rel.bss.* .rel.gnu.linkonce.b.*)

.rela.bss
 *(.rela.bss .rela.bss.* .rela.gnu.linkonce.b.*)

.rel.ctors
 *(.rel.ctors)

.rela.ctors
 *(.rela.ctors)

.rel.dtors
 *(.rel.dtors)

.rela.dtors
 *(.rela.dtors)

.rel.got
 *(.rel.got)

.rela.got
 *(.rela.got)

.rel.plt
 *(.rel.plt)

.rela.plt
 *(.rela.plt)

.text           0x00004000     0xaa22
                0x00004000                . = ALIGN (0x2)
 *(.init .init.*)
 *(.init0)
 .init0         0x00004000        0x0 /usr/local/bin/../lib/gcc/msp430/4.7.2/mmpy-16/libcrt0.a(_reset_vector__.o)
                0x00004000                _reset_vector__
 *(.init1)
 .init1         0x00004000        0xc /usr/local/bin/../lib/gcc/msp430/4.7.2/mmpy-16/libcrt0.a(__watchdog_support.o)
                0x00004000                __watchdog_support
 *(.init2)
 .init2         0x0000400c        0x4 /usr/local/bin/../lib/gcc/msp430/4.7.2/mmpy-16/libcrt0.a(__init_stack.o)
                0x0000400c                __init_stack
 *(.init3)
 .init3         0x00004010        0x0 /usr/local/bin/../lib/gcc/msp430/4.7.2/mmpy-16/libcrt0.a(__low_level_init.o)
                0x00004010                __low_level_init
 *(.init4)
 .init4         0x00004010       0x18 /usr/local/bin/../lib/gcc/msp430/4.7.2/mmpy-16/libcrt0.a(_copy_data.o)
                0x00004010                __do_copy_data
 .init4         0x00004028       0x16 /usr/local/bin/../lib/gcc/msp430/4.7.2/mmpy-16/libcrt0.a(_clear_bss.o)
                0x00004028                __do_clear_bss
 *(.init5)
 *(.init6)
 *(.init7)
 *(.init8)
 *(.init9)
 .init9         0x0000403e      0x22e build/sky///obj/contiki-main.o
                0x0000403e                main
 *(.fini9)
 .fini9         0x0000426c        0x0 /usr/local/bin/../lib/gcc/msp430/4.7.2/mmpy-16/libcrt0.a(__stop_progExec__.o)
                0x0000426c                __stop_progExec__
 *(.fini8)
 *(.fini7)
 *(.fini6)
 *(.fini5)
 *(.fini4)
 *(.fini3)
 *(.fini2)
 *(.fini1)
 *(.fini0)
 .fini0         0x0000426c        0x6 /usr/local/bin/../lib/gcc/msp430/4.7.2/mmpy-16/libcrt0.a(_endless_loop__.o)
                0x0000426c                _endless_loop__
 *(.fini .fini.*)
                0x00004272                . = ALIGN (0x2)
                0x00004272                __ctors_start = .
 *(.ctors)
                0x00004272                __ctors_end = .
                0x00004272                __dtors_start = .
 *(.dtors)
                0x00004272                __dtors_end = .
                0x00004272                . = ALIGN (0x2)
 *(.text .text.* .gnu.linkonce.t.*)
 .text          0x00004272        0x4 /usr/local/bin/../lib/gcc/msp430/4.7.2/mmpy-16/crt0ivtbl16.o
                0x00004272                __isr_14
                0x00004272                __isr_11
                0x00004272                __isr_2
                0x00004272                __isr_7
                0x00004272                __isr_0
                0x00004272                __isr_8
                0x00004272                __isr_3
                0x00004272                __isr_12
                0x00004272                __isr_13
                0x00004272                __isr_9
 .text.udp_rx_callback
                0x00004276        0x2 sink.o
 .text.process_thread_sink_process
                0x00004278       0x48 sink.o
 .text.putchar  0x000042c0       0x10 build/sky///contiki-ng-sky.a(uart1-putchar.o)
                0x000042c0                putchar
 .text.platform_init_stage_one
                0x000042d0       0x12 build/sky///contiki-ng-sky.a(platform.o)
                0x000042d0                platform_init_stage_one
 .text.platform_init_stage_two
                0x000042e2       0x64 build/sky///contiki-ng-sky.a(platform.o)
                0x000042e2                platform_init_stage_two
 .text.platform_init_stage_three
                0x00004346       0x7a build/sky///contiki-ng-sky.a(platform.o)
                0x00004346                platform_init_stage_three
 .text.platform_idle
                0x000043c0       0x54 build/sky///contiki-ng-sky.a(platform.o)
                0x000043c0                platform_idle
 .text.msp430_init_dco
                0x00004414       0x82 build/sky///contiki-ng-sky.a(msp430.o)
                0x00004414                msp430_init_dco
 .text.msp430_add_lpm_req
                0x00004496        0xc build/sky///contiki-ng-sky.a(msp430.o)
                0x00004496                msp430_add_lpm_req
 .text.msp430_cpu_init
                0x000044a2       0x2a build/sky///contiki-ng-sky.a(msp430.o)
                0x000044a2                msp430_cpu_init
 .text.splhigh_
                0x000044cc        0x8 build/sky///contiki-ng-sky.a(msp430.o)
                0x000044cc                splhigh_
 .text.msp430_sync_dco
                0x000044d4       0x6c build/sky///contiki-ng-sky.a(msp430.o)
                0x000044d4                msp430_sync_dco
 .text.timera1  0x00004540       0xdc build/sky///contiki-ng-sky.a(clock.o)
                0x00004540                __isr_5
                0x00004540                timera1
 .text.clock_time
                0x0000461c       0x1a build/sky///contiki-ng-sky.a(clock.o)
                0x0000461c                clock_time
 .text.clock_init
                0x00004636       0x28 build/sky///contiki-ng-sky.a(clock.o)
                0x00004636                clock_init
 .text.clock_delay
                0x0000465e        0xc build/sky///contiki-ng-sky.a(clock.o)
                0x0000465e                clock_delay
 .text.clock_seconds
                0x0000466a       0x1a build/sky///contiki-ng-sky.a(clock.o)
                0x0000466a                clock_seconds
 .text.leds_init
                0x00004684        0x6 build/sky///contiki-ng-sky.a(leds.o)
                0x00004684                leds_init
 .text.leds_on  0x0000468a       0x12 build/sky///contiki-ng-sky.a(leds.o)
                0x0000468a                leds_on
 .text.leds_off
                0x0000469c       0x12 build/sky///contiki-ng-sky.a(leds.o)
                0x0000469c                leds_off
 .text.leds_arch_init
                0x000046ae        0xe build/sky///contiki-ng-sky.a(leds-arch.o)
                0x000046ae                leds_arch_init
 .text.leds_arch_get
                0x000046bc       0x34 build/sky///contiki-ng-sky.a(leds-arch.o)
                0x000046bc                leds_arch_get
 .text.leds_arch_set
                0x000046f0       0x3e build/sky///contiki-ng-sky.a(leds-arch.o)
                0x000046f0                leds_arch_set
 .text.watchdog_interrupt
                0x0000472e        0x6 build/sky///contiki-ng-sky.a(watchdog.o)
                0x0000472e                __isr_10
                0x0000472e                watchdog_interrupt
 .text.watchdog_start
                0x00004734       0x14 build/sky///contiki-ng-sky.a(watchdog.o)
                0x00004734                watchdog_start
 .text.watchdog_periodic
                0x00004748       0x12 build/sky///contiki-ng-sky.a(watchdog.o)
                0x00004748                watchdog_periodic
 .text.watchdog_stop
                0x0000475a       0x16 build/sky///contiki-ng-sky.a(watchdog.o)
                0x0000475a                watchdog_stop
 .text.watchdog_init
                0x00004770       0x12 build/sky///contiki-ng-sky.a(watchdog.o)
                0x00004770                watchdog_init
 .text.process_thread_ctimer_process
                0x00004782       0xa8 build/sky///contiki-ng-sky.a(ctimer.o)
 .text.ctimer_init
                0x0000482a       0x18 build/sky///contiki-ng-sky.a(ctimer.o)
                0x0000482a                ctimer_init
 .text.ctimer_set_with_process
                0x00004842       0x4e build/sky///contiki-ng-sky.a(ctimer.o)
                0x00004842                ctimer_set_with_process
 .text.ctimer_set
                0x00004890       0x10 build/sky///contiki-ng-sky.a(ctimer.o)
                0x00004890                ctimer_set
 .text.ctimer_reset
                0x000048a0       0x30 build/sky///contiki-ng-sky.a(ctimer.o)
                0x000048a0                ctimer_reset
 .text.ctimer_stop
                0x000048d0       0x28 build/sky///contiki-ng-sky.a(ctimer.o)
                0x000048d0                ctimer_stop
 .text.log_6addr
                0x000048f8       0x32 build/sky///contiki-ng-sky.a(log.o)
                0x000048f8                log_6addr
 .text.log_lladdr
                0x0000492a       0x44 build/sky///contiki-ng-sky.a(log.o)
                0x0000492a                log_lladdr
 .text.autostart_start
                0x0000496e       0x16 build/sky///contiki-ng-sky.a(autostart.o)
                0x0000496e                autostart_start
 .text.energest_init
                0x00004984        0x2 build/sky///contiki-ng-sky.a(energest.o)
                0x00004984                energest_init
 .text.energest_flush
                0x00004986        0x2 build/sky///contiki-ng-sky.a(energest.o)
                0x00004986                energest_flush
 .text.update_time
                0x00004988       0x78 build/sky///contiki-ng-sky.a(etimer.o)
 .text.etimer_request_poll
                0x00004a00        0xa build/sky///contiki-ng-sky.a(etimer.o)
                0x00004a00                etimer_request_poll
 .text.process_thread_etimer_process
                0x00004a0a       0xcc build/sky///contiki-ng-sky.a(etimer.o)
 .text.add_timer
                0x00004ad6       0x40 build/sky///contiki-ng-sky.a(etimer.o)
 .text.etimer_set
                0x00004b16       0x12 build/sky///contiki-ng-sky.a(etimer.o)
                0x00004b16                etimer_set
 .text.etimer_reset
                0x00004b28       0x12 build/sky///contiki-ng-sky.a(etimer.o)
                0x00004b28                etimer_reset
 .text.etimer_expired
                0x00004b3a        0xe build/sky///contiki-ng-sky.a(etimer.o)
                0x00004b3a                etimer_expired
 .text.etimer_expiration_time
                0x00004b48       0x14 build/sky///contiki-ng-sky.a(etimer.o)
                0x00004b48                etimer_expiration_time
 .text.etimer_pending
                0x00004b5c        0xc build/sky///contiki-ng-sky.a(etimer.o)
                0x00004b5c                etimer_pending
 .text.etimer_next_expiration_time
                0x00004b68       0x16 build/sky///contiki-ng-sky.a(etimer.o)
                0x00004b68                etimer_next_expiration_time
 .text.etimer_stop
                0x00004b7e       0x3e build/sky///contiki-ng-sky.a(etimer.o)
                0x00004b7e                etimer_stop
 .text.node_id_init
                0x00004bbc       0x14 build/sky///contiki-ng-sky.a(node-id.o)
                0x00004bbc                node_id_init
 .text.call_process
                0x00004bd0       0x46 build/sky///contiki-ng-sky.a(process.o)
 .text.exit_process
                0x00004c16       0x96 build/sky///contiki-ng-sky.a(process.o)
 .text.do_poll  0x00004cac       0x30 build/sky///contiki-ng-sky.a(process.o)
 .text.process_alloc_event
                0x00004cdc        0xe build/sky///contiki-ng-sky.a(process.o)
                0x00004cdc                process_alloc_event
 .text.process_init
                0x00004cea       0x18 build/sky///contiki-ng-sky.a(process.o)
                0x00004cea                process_init
 .text.process_run
                0x00004d02       0x92 build/sky///contiki-ng-sky.a(process.o)
                0x00004d02                process_run
 .text.process_nevents
                0x00004d94        0xe build/sky///contiki-ng-sky.a(process.o)
                0x00004d94                process_nevents
 .text.process_post
                0x00004da2       0x42 build/sky///contiki-ng-sky.a(process.o)
                0x00004da2                process_post
 .text.process_post_synch
                0x00004de4       0x12 build/sky///contiki-ng-sky.a(process.o)
                0x00004de4                process_post_synch
 .text.process_start
                0x00004df6       0x36 build/sky///contiki-ng-sky.a(process.o)
                0x00004df6                process_start
 .text.process_poll
                0x00004e2c       0x18 build/sky///contiki-ng-sky.a(process.o)
                0x00004e2c                process_poll
 .text.rtimer_init
                0x00004e44        0x6 build/sky///contiki-ng-sky.a(rtimer.o)
                0x00004e44                rtimer_init
 .text.rtimer_run_next
                0x00004e4a       0x26 build/sky///contiki-ng-sky.a(rtimer.o)
                0x00004e4a                rtimer_run_next
 .text.timer_set
                0x00004e70       0x1c build/sky///contiki-ng-sky.a(timer.o)
                0x00004e70                timer_set
 .text.timer_expired
                0x00004e8c       0x2a build/sky///contiki-ng-sky.a(timer.o)
                0x00004e8c                timer_expired
 .text.timer_reset
                0x00004eb6       0x1c build/sky///contiki-ng-sky.a(timer.o)
                0x00004eb6                timer_reset
 .text.list_init
                0x00004ed2        0x6 build/sky///contiki-ng-sky.a(list.o)
                0x00004ed2                list_init
 .text.list_head
                0x00004ed8        0x4 build/sky///contiki-ng-sky.a(list.o)
                0x00004ed8                list_head
 .text.list_tail
                0x00004edc       0x12 build/sky///contiki-ng-sky.a(list.o)
                0x00004edc                list_tail
 .text.list_remove
                0x00004eee       0x34 build/sky///contiki-ng-sky.a(list.o)
                0x00004eee                list_remove
 .text.list_push
                0x00004f22       0x1a build/sky///contiki-ng-sky.a(list.o)
                0x00004f22                list_push
 .text.list_add
                0x00004f3c       0x2a build/sky///contiki-ng-sky.a(list.o)
                0x00004f3c                list_add
 .text.list_length
                0x00004f66       0x10 build/sky///contiki-ng-sky.a(list.o)
                0x00004f66                list_length
 .text.list_item_next
                0x00004f76        0xc build/sky///contiki-ng-sky.a(list.o)
                0x00004f76                list_item_next
 .text.random_init
                0x00004f82        0x6 build/sky///contiki-ng-sky.a(random.o)
                0x00004f82                random_init
 .text.random_rand
                0x00004f88        0x6 build/sky///contiki-ng-sky.a(random.o)
                0x00004f88                random_rand
 .text.queuebuf_init
                0x00004f8e       0x12 build/sky///contiki-ng-sky.a(queuebuf.o)
                0x00004f8e                queuebuf_init
 .text.queuebuf_numfree
                0x00004fa0        0xa build/sky///contiki-ng-sky.a(queuebuf.o)
                0x00004fa0                queuebuf_numfree
 .text.queuebuf_new_from_packetbuf
                0x00004faa       0x52 build/sky///contiki-ng-sky.a(queuebuf.o)
                0x00004faa                queuebuf_new_from_packetbuf
 .text.queuebuf_update_attr_from_packetbuf
                0x00004ffc       0x12 build/sky///contiki-ng-sky.a(queuebuf.o)
                0x00004ffc                queuebuf_update_attr_from_packetbuf
 .text.queuebuf_free
                0x0000500e       0x2a build/sky///contiki-ng-sky.a(queuebuf.o)
                0x0000500e                queuebuf_free
 .text.queuebuf_to_packetbuf
                0x00005038       0x32 build/sky///contiki-ng-sky.a(queuebuf.o)
                0x00005038                queuebuf_to_packetbuf
 .text.packetbuf_hdrreduce
                0x0000506a       0x1a build/sky///contiki-ng-sky.a(packetbuf.o)
                0x0000506a                packetbuf_hdrreduce
 .text.packetbuf_set_datalen
                0x00005084        0x6 build/sky///contiki-ng-sky.a(packetbuf.o)
                0x00005084                packetbuf_set_datalen
 .text.packetbuf_hdrptr
                0x0000508a        0x6 build/sky///contiki-ng-sky.a(packetbuf.o)
                0x0000508a                packetbuf_hdrptr
 .text.packetbuf_datalen
                0x00005090        0x6 build/sky///contiki-ng-sky.a(packetbuf.o)
                0x00005090                packetbuf_datalen
 .text.packetbuf_hdrlen
                0x00005096        0xa build/sky///contiki-ng-sky.a(packetbuf.o)
                0x00005096                packetbuf_hdrlen
 .text.packetbuf_dataptr
                0x000050a0        0xc build/sky///contiki-ng-sky.a(packetbuf.o)
                0x000050a0                packetbuf_dataptr
 .text.packetbuf_copyto
                0x000050ac       0x46 build/sky///contiki-ng-sky.a(packetbuf.o)
                0x000050ac                packetbuf_copyto
 .text.packetbuf_totlen
                0x000050f2        0xc build/sky///contiki-ng-sky.a(packetbuf.o)
                0x000050f2                packetbuf_totlen
 .text.packetbuf_hdralloc
                0x000050fe       0x3c build/sky///contiki-ng-sky.a(packetbuf.o)
                0x000050fe                packetbuf_hdralloc
 .text.packetbuf_attr_clear
                0x0000513a       0x28 build/sky///contiki-ng-sky.a(packetbuf.o)
                0x0000513a                packetbuf_attr_clear
 .text.packetbuf_clear
                0x00005162       0x12 build/sky///contiki-ng-sky.a(packetbuf.o)
                0x00005162                packetbuf_clear
 .text.packetbuf_copyfrom
                0x00005174       0x2e build/sky///contiki-ng-sky.a(packetbuf.o)
                0x00005174                packetbuf_copyfrom
 .text.packetbuf_attr_copyto
                0x000051a2       0x22 build/sky///contiki-ng-sky.a(packetbuf.o)
                0x000051a2                packetbuf_attr_copyto
 .text.packetbuf_attr_copyfrom
                0x000051c4       0x24 build/sky///contiki-ng-sky.a(packetbuf.o)
                0x000051c4                packetbuf_attr_copyfrom
 .text.packetbuf_set_attr
                0x000051e8        0xc build/sky///contiki-ng-sky.a(packetbuf.o)
                0x000051e8                packetbuf_set_attr
 .text.packetbuf_attr
                0x000051f4        0xa build/sky///contiki-ng-sky.a(packetbuf.o)
                0x000051f4                packetbuf_attr
 .text.packetbuf_set_addr
                0x000051fe       0x18 build/sky///contiki-ng-sky.a(packetbuf.o)
                0x000051fe                packetbuf_set_addr
 .text.packetbuf_addr
                0x00005216       0x12 build/sky///contiki-ng-sky.a(packetbuf.o)
                0x00005216                packetbuf_addr
 .text.packetbuf_holds_broadcast
                0x00005228        0xe build/sky///contiki-ng-sky.a(packetbuf.o)
                0x00005228                packetbuf_holds_broadcast
 .text.netstack_process_ip_callback
                0x00005236       0x4e build/sky///contiki-ng-sky.a(netstack.o)
                0x00005236                netstack_process_ip_callback
 .text.netstack_init
                0x00005284        0xe build/sky///contiki-ng-sky.a(netstack.o)
                0x00005284                netstack_init
 .text.linkaddr_copy
                0x00005292        0x8 build/sky///contiki-ng-sky.a(linkaddr.o)
                0x00005292                linkaddr_copy
 .text.linkaddr_cmp
                0x0000529a       0x12 build/sky///contiki-ng-sky.a(linkaddr.o)
                0x0000529a                linkaddr_cmp
 .text.linkaddr_set_node_addr
                0x000052ac        0xc build/sky///contiki-ng-sky.a(linkaddr.o)
                0x000052ac                linkaddr_set_node_addr
 .text.on       0x000052b8        0x6 build/sky///contiki-ng-sky.a(csma.o)
 .text.off      0x000052be        0x6 build/sky///contiki-ng-sky.a(csma.o)
 .text.max_payload
                0x000052c4       0x16 build/sky///contiki-ng-sky.a(csma.o)
 .text.send_packet
                0x000052da        0x6 build/sky///contiki-ng-sky.a(csma.o)
 .text.init     0x000052e0        0xa build/sky///contiki-ng-sky.a(csma.o)
 .text.input_packet
                0x000052ea       0x58 build/sky///contiki-ng-sky.a(csma.o)
 .text.schedule_transmission
                0x00005342       0x70 build/sky///contiki-ng-sky.a(csma-output.o)
 .text.tx_done  0x000053b2       0x9a build/sky///contiki-ng-sky.a(csma-output.o)
 .text.transmit_from_queue
                0x0000544c      0x1c6 build/sky///contiki-ng-sky.a(csma-output.o)
 .text.csma_output_packet
                0x00005612      0x184 build/sky///contiki-ng-sky.a(csma-output.o)
                0x00005612                csma_output_packet
 .text.csma_output_init
                0x00005796       0x1a build/sky///contiki-ng-sky.a(csma-output.o)
                0x00005796                csma_output_init
 .text.uip_ds6_list_loop
                0x000057b0       0x92 build/sky///contiki-ng-sky.a(uip-ds6.o)
                0x000057b0                uip_ds6_list_loop
 .text.uip_ds6_prefix_add
                0x00005842       0x80 build/sky///contiki-ng-sky.a(uip-ds6.o)
                0x00005842                uip_ds6_prefix_add
 .text.uip_ds6_is_addr_onlink
                0x000058c2       0x54 build/sky///contiki-ng-sky.a(uip-ds6.o)
                0x000058c2                uip_ds6_is_addr_onlink
 .text.uip_ds6_addr_lookup
                0x00005916       0x2a build/sky///contiki-ng-sky.a(uip-ds6.o)
                0x00005916                uip_ds6_addr_lookup
 .text.uip_ds6_get_link_local
                0x00005940       0x3e build/sky///contiki-ng-sky.a(uip-ds6.o)
                0x00005940                uip_ds6_get_link_local
 .text.uip_ds6_maddr_add
                0x0000597e       0x4c build/sky///contiki-ng-sky.a(uip-ds6.o)
                0x0000597e                uip_ds6_maddr_add
 .text.uip_ds6_addr_add
                0x000059ca       0xc4 build/sky///contiki-ng-sky.a(uip-ds6.o)
                0x000059ca                uip_ds6_addr_add
 .text.uip_ds6_maddr_rm
                0x00005a8e        0xa build/sky///contiki-ng-sky.a(uip-ds6.o)
                0x00005a8e                uip_ds6_maddr_rm
 .text.uip_ds6_maddr_lookup
                0x00005a98       0x2a build/sky///contiki-ng-sky.a(uip-ds6.o)
                0x00005a98                uip_ds6_maddr_lookup
 .text.uip_ds6_addr_rm
                0x00005ac2       0x54 build/sky///contiki-ng-sky.a(uip-ds6.o)
                0x00005ac2                uip_ds6_addr_rm
 .text.uip_ds6_periodic
                0x00005b16       0x46 build/sky///contiki-ng-sky.a(uip-ds6.o)
                0x00005b16                uip_ds6_periodic
 .text.uip_ds6_set_addr_iid
                0x00005b5c       0x14 build/sky///contiki-ng-sky.a(uip-ds6.o)
                0x00005b5c                uip_ds6_set_addr_iid
 .text.uip_ds6_set_lladdr_from_iid
                0x00005b70       0x14 build/sky///contiki-ng-sky.a(uip-ds6.o)
                0x00005b70                uip_ds6_set_lladdr_from_iid
 .text.get_match_length
                0x00005b84       0x44 build/sky///contiki-ng-sky.a(uip-ds6.o)
                0x00005b84                get_match_length
 .text.uip_ds6_select_src
                0x00005bc8       0xaa build/sky///contiki-ng-sky.a(uip-ds6.o)
                0x00005bc8                uip_ds6_select_src
 .text.uip_ds6_compute_reachable_time
                0x00005c72       0x3e build/sky///contiki-ng-sky.a(uip-ds6.o)
                0x00005c72                uip_ds6_compute_reachable_time
 .text.uip_ds6_init
                0x00005cb0      0x152 build/sky///contiki-ng-sky.a(uip-ds6.o)
                0x00005cb0                uip_ds6_init
 .text.uiplib_ipaddr_snprint
                0x00005e02      0x12c build/sky///contiki-ng-sky.a(uiplib.o)
                0x00005e02                uiplib_ipaddr_snprint
 .text.tcpip_output
                0x00005f2e       0x22 build/sky///contiki-ng-sky.a(tcpip.o)
                0x00005f2e                tcpip_output
 .text.udp_new  0x00005f50       0x1a build/sky///contiki-ng-sky.a(tcpip.o)
                0x00005f50                udp_new
 .text.tcpip_input
                0x00005f6a       0x1e build/sky///contiki-ng-sky.a(tcpip.o)
                0x00005f6a                tcpip_input
 .text.tcpip_ipv6_output
                0x00005f88      0x114 build/sky///contiki-ng-sky.a(tcpip.o)
                0x00005f88                tcpip_ipv6_output
 .text.packet_input.part.3
                0x0000609c       0x12 build/sky///contiki-ng-sky.a(tcpip.o)
 .text.process_thread_tcpip_process
                0x000060ae       0xcc build/sky///contiki-ng-sky.a(tcpip.o)
 .text.tcpip_uipcall
                0x0000617a       0x2a build/sky///contiki-ng-sky.a(tcpip.o)
                0x0000617a                tcpip_uipcall
 .text.uip_ds6_route_init
                0x000061a4       0x12 build/sky///contiki-ng-sky.a(uip-ds6-route.o)
                0x000061a4                uip_ds6_route_init
 .text.uip_ds6_route_nexthop
                0x000061b6        0x4 build/sky///contiki-ng-sky.a(uip-ds6-route.o)
                0x000061b6                uip_ds6_route_nexthop
 .text.uip_ds6_route_is_nexthop
                0x000061ba        0x4 build/sky///contiki-ng-sky.a(uip-ds6-route.o)
                0x000061ba                uip_ds6_route_is_nexthop
 .text.uip_ds6_route_lookup
                0x000061be        0x4 build/sky///contiki-ng-sky.a(uip-ds6-route.o)
                0x000061be                uip_ds6_route_lookup
 .text.uip_ds6_route_rm
                0x000061c2        0x2 build/sky///contiki-ng-sky.a(uip-ds6-route.o)
                0x000061c2                uip_ds6_route_rm
 .text.uip_ds6_defrt_rm
                0x000061c4       0x56 build/sky///contiki-ng-sky.a(uip-ds6-route.o)
                0x000061c4                uip_ds6_defrt_rm
 .text.uip_ds6_defrt_lookup
                0x0000621a       0x40 build/sky///contiki-ng-sky.a(uip-ds6-route.o)
                0x0000621a                uip_ds6_defrt_lookup
 .text.uip_ds6_defrt_add
                0x0000625a       0x8c build/sky///contiki-ng-sky.a(uip-ds6-route.o)
                0x0000625a                uip_ds6_defrt_add
 .text.uip_ds6_defrt_choose
                0x000062e6       0x3a build/sky///contiki-ng-sky.a(uip-ds6-route.o)
                0x000062e6                uip_ds6_defrt_choose
 .text.uip_ds6_defrt_periodic
                0x00006320       0x38 build/sky///contiki-ng-sky.a(uip-ds6-route.o)
                0x00006320                uip_ds6_defrt_periodic
 .text.uip_ds6_neighbors_init
                0x00006358       0x12 build/sky///contiki-ng-sky.a(uip-ds6-nbr.o)
                0x00006358                uip_ds6_neighbors_init
 .text.uip_ds6_nbr_get_ll
                0x0000636a        0xc build/sky///contiki-ng-sky.a(uip-ds6-nbr.o)
                0x0000636a                uip_ds6_nbr_get_ll
 .text.uip_ds6_nbr_num
                0x00006376       0x24 build/sky///contiki-ng-sky.a(uip-ds6-nbr.o)
                0x00006376                uip_ds6_nbr_num
 .text.uip_ds6_nbr_rm
                0x0000639a       0x3a build/sky///contiki-ng-sky.a(uip-ds6-nbr.o)
                0x0000639a                uip_ds6_nbr_rm
 .text.uip_ds6_nbr_add
                0x000063d4       0x56 build/sky///contiki-ng-sky.a(uip-ds6-nbr.o)
                0x000063d4                uip_ds6_nbr_add
 .text.uip_ds6_nbr_head
                0x0000642a        0xa build/sky///contiki-ng-sky.a(uip-ds6-nbr.o)
                0x0000642a                uip_ds6_nbr_head
 .text.uip_ds6_nbr_next
                0x00006434        0xc build/sky///contiki-ng-sky.a(uip-ds6-nbr.o)
                0x00006434                uip_ds6_nbr_next
 .text.uip_ds6_nbr_lookup
                0x00006440       0x3a build/sky///contiki-ng-sky.a(uip-ds6-nbr.o)
                0x00006440                uip_ds6_nbr_lookup
 .text.uip_ds6_nbr_ll_lookup
                0x0000647a        0xc build/sky///contiki-ng-sky.a(uip-ds6-nbr.o)
                0x0000647a                uip_ds6_nbr_ll_lookup
 .text.uip_ds6_nbr_update_ll
                0x00006486       0x76 build/sky///contiki-ng-sky.a(uip-ds6-nbr.o)
                0x00006486                uip_ds6_nbr_update_ll
 .text.uip_ds6_nbr_ipaddr_from_lladdr
                0x000064fc        0x6 build/sky///contiki-ng-sky.a(uip-ds6-nbr.o)
                0x000064fc                uip_ds6_nbr_ipaddr_from_lladdr
 .text.uip_ds6_nbr_lladdr_from_ipaddr
                0x00006502       0x12 build/sky///contiki-ng-sky.a(uip-ds6-nbr.o)
                0x00006502                uip_ds6_nbr_lladdr_from_ipaddr
 .text.uip_ds6_link_callback
                0x00006514        0x2 build/sky///contiki-ng-sky.a(uip-ds6-nbr.o)
                0x00006514                uip_ds6_link_callback
 .text.chksum   0x00006516       0x32 build/sky///contiki-ng-sky.a(uip6.o)
 .text.upper_layer_chksum
                0x00006548       0x58 build/sky///contiki-ng-sky.a(uip6.o)
 .text.ext_hdr_options_process
                0x000065a0       0xaa build/sky///contiki-ng-sky.a(uip6.o)
 .text.uip_check_mtu
                0x0000664a       0x1e build/sky///contiki-ng-sky.a(uip6.o)
 .text.uip_update_ttl
                0x00006668       0x24 build/sky///contiki-ng-sky.a(uip6.o)
 .text.uip_icmp6chksum
                0x0000668c        0xa build/sky///contiki-ng-sky.a(uip6.o)
                0x0000668c                uip_icmp6chksum
 .text.uip_udpchksum
                0x00006696        0xa build/sky///contiki-ng-sky.a(uip6.o)
                0x00006696                uip_udpchksum
 .text.uip_init
                0x000066a0       0x3c build/sky///contiki-ng-sky.a(uip6.o)
                0x000066a0                uip_init
 .text.uip_remove_ext_hdr
                0x000066dc       0x56 build/sky///contiki-ng-sky.a(uip6.o)
                0x000066dc                uip_remove_ext_hdr
 .text.uip_udp_new
                0x00006732       0xac build/sky///contiki-ng-sky.a(uip6.o)
                0x00006732                uip_udp_new
 .text.uip_process
                0x000067de      0x4a4 build/sky///contiki-ng-sky.a(uip6.o)
                0x000067de                uip_process
 .text.uip_htonl
                0x00006c82       0x2e build/sky///contiki-ng-sky.a(uip6.o)
                0x00006c82                uip_htonl
 .text.ns_input
                0x00006cb0      0x298 build/sky///contiki-ng-sky.a(uip-nd6.o)
 .text.uip_nd6_init
                0x00006f48        0xa build/sky///contiki-ng-sky.a(uip-nd6.o)
                0x00006f48                uip_nd6_init
 .text.process_thread_simple_udp_process
                0x00006f52       0xb8 build/sky///contiki-ng-sky.a(simple-udp.o)
 .text.simple_udp_register
                0x0000700a       0x96 build/sky///contiki-ng-sky.a(simple-udp.o)
                0x0000700a                simple_udp_register
 .text.clear_fragments
                0x000070a0       0x40 build/sky///contiki-ng-sky.a(sicslowpan.o)
 .text.addr_context_lookup_by_number
                0x000070e0       0x16 build/sky///contiki-ng-sky.a(sicslowpan.o)
 .text.sicslowpan_init
                0x000070f6       0x18 build/sky///contiki-ng-sky.a(sicslowpan.o)
                0x000070f6                sicslowpan_init
 .text.set_packet_attrs
                0x0000710e       0x66 build/sky///contiki-ng-sky.a(sicslowpan.o)
 .text.compress_addr_64
                0x00007174       0xae build/sky///contiki-ng-sky.a(sicslowpan.o)
 .text.addr_context_lookup_by_prefix
                0x00007222       0x20 build/sky///contiki-ng-sky.a(sicslowpan.o)
 .text.send_packet
                0x00007242       0x1a build/sky///contiki-ng-sky.a(sicslowpan.o)
 .text.fragment_copy_payload_and_send
                0x0000725c       0x66 build/sky///contiki-ng-sky.a(sicslowpan.o)
 .text.output   0x000072c2      0x7c2 build/sky///contiki-ng-sky.a(sicslowpan.o)
 .text.packet_sent
                0x00007a84       0x56 build/sky///contiki-ng-sky.a(sicslowpan.o)
 .text.store_fragment
                0x00007ada       0xc8 build/sky///contiki-ng-sky.a(sicslowpan.o)
 .text.add_fragment
                0x00007ba2      0x1fc build/sky///contiki-ng-sky.a(sicslowpan.o)
 .text.uncompress_addr
                0x00007d9e       0xb4 build/sky///contiki-ng-sky.a(sicslowpan.o)
 .text.input    0x00007e52      0x832 build/sky///contiki-ng-sky.a(sicslowpan.o)
 .text.leave_network
                0x00008684        0x2 build/sky///contiki-ng-sky.a(rpl.o)
 .text.drop_route
                0x00008686       0x1a build/sky///contiki-ng-sky.a(rpl.o)
 .text.global_repair
                0x000086a0       0x1a build/sky///contiki-ng-sky.a(rpl.o)
 .text.get_root_ipaddr
                0x000086ba       0x26 build/sky///contiki-ng-sky.a(rpl.o)
 .text.local_repair
                0x000086e0       0x12 build/sky///contiki-ng-sky.a(rpl.o)
 .text.get_sr_node_ipaddr
                0x000086f2       0x34 build/sky///contiki-ng-sky.a(rpl.o)
 .text.init     0x00008726       0x48 build/sky///contiki-ng-sky.a(rpl.o)
 .text.rpl_ipv6_neighbor_callback
                0x0000876e       0x1e build/sky///contiki-ng-sky.a(rpl.o)
                0x0000876e                rpl_ipv6_neighbor_callback
 .text.rpl_link_callback
                0x0000878c       0x5a build/sky///contiki-ng-sky.a(rpl.o)
                0x0000878c                rpl_link_callback
 .text.rpl_get_mode
                0x000087e6        0x6 build/sky///contiki-ng-sky.a(rpl.o)
                0x000087e6                rpl_get_mode
 .text.rpl_purge_dags
                0x000087ec       0x70 build/sky///contiki-ng-sky.a(rpl.o)
                0x000087ec                rpl_purge_dags
 .text.rpl_dag_root_set_prefix
                0x0000885c       0x74 build/sky///contiki-ng-sky.a(rpl-dag-root.o)
                0x0000885c                rpl_dag_root_set_prefix
 .text.rpl_dag_root_start
                0x000088d0       0xda build/sky///contiki-ng-sky.a(rpl-dag-root.o)
                0x000088d0                rpl_dag_root_start
 .text.rpl_dag_root_is_root
                0x000089aa       0x24 build/sky///contiki-ng-sky.a(rpl-dag-root.o)
                0x000089aa                rpl_dag_root_is_root
 .text.init_platform
                0x000089ce        0xc build/sky///contiki-ng-sky.a(contiki-sky-pla)
                0x000089ce                init_platform
 .text.status   0x000089da       0x18 build/sky///contiki-ng-sky.a(button-sensor.o)
 .text.value    0x000089f2       0x20 build/sky///contiki-ng-sky.a(button-sensor.o)
 .text.configure
                0x00008a12       0x4c build/sky///contiki-ng-sky.a(button-sensor.o)
 .text.irq_p2   0x00008a5e       0x46 build/sky///contiki-ng-sky.a(button-sensor.o)
                0x00008a5e                irq_p2
                0x00008a5e                __isr_1
 .text.owreadb  0x00008aa4       0x50 build/sky///contiki-ng-sky.a(ds2411.o)
 .text.ds2411_init
                0x00008af4      0x120 build/sky///contiki-ng-sky.a(ds2411.o)
                0x00008af4                ds2411_init
 .text.xmem_init
                0x00008c14       0x3c build/sky///contiki-ng-sky.a(xmem.o)
                0x00008c14                xmem_init
 .text.process_thread_sensors_process
                0x00008c50       0xc2 build/sky///contiki-ng-sky.a(sensors.o)
 .text.sensors_changed
                0x00008d12       0x2a build/sky///contiki-ng-sky.a(sensors.o)
                0x00008d12                sensors_changed
 .text.get_object
                0x00008d3c        0x4 build/sky///contiki-ng-sky.a(cc2420.o)
 .text.set_object
                0x00008d40        0x4 build/sky///contiki-ng-sky.a(cc2420.o)
 .text.strobe   0x00008d44       0x1c build/sky///contiki-ng-sky.a(cc2420.o)
 .text.getreg   0x00008d60       0x4c build/sky///contiki-ng-sky.a(cc2420.o)
 .text.setreg   0x00008dac       0x4c build/sky///contiki-ng-sky.a(cc2420.o)
 .text.write_ram
                0x00008df8       0x7c build/sky///contiki-ng-sky.a(cc2420.o)
 .text.write_fifo_buf
                0x00008e74       0x3c build/sky///contiki-ng-sky.a(cc2420.o)
 .text.get_status
                0x00008eb0       0x20 build/sky///contiki-ng-sky.a(cc2420.o)
 .text.on       0x00008ed0       0x1a build/sky///contiki-ng-sky.a(cc2420.o)
 .text.cc2420_receiving_packet
                0x00008eea        0xc build/sky///contiki-ng-sky.a(cc2420.o)
 .text.pending_packet
                0x00008ef6        0x8 build/sky///contiki-ng-sky.a(cc2420.o)
 .text.wait_for_transmission
                0x00008efe       0x22 build/sky///contiki-ng-sky.a(cc2420.o)
 .text.wait_for_status
                0x00008f20       0x28 build/sky///contiki-ng-sky.a(cc2420.o)
 .text.getrxdata
                0x00008f48       0x50 build/sky///contiki-ng-sky.a(cc2420.o)
 .text.flushrx  0x00008f98       0x1a build/sky///contiki-ng-sky.a(cc2420.o)
 .text.off      0x00008fb2       0x28 build/sky///contiki-ng-sky.a(cc2420.o)
 .text.RELEASE_LOCK
                0x00008fda       0x28 build/sky///contiki-ng-sky.a(cc2420.o)
 .text.set_key  0x00009002       0x18 build/sky///contiki-ng-sky.a(cc2420.o)
 .text.set_frame_filtering
                0x0000901a       0x30 build/sky///contiki-ng-sky.a(cc2420.o)
 .text.set_auto_ack
                0x0000904a       0x30 build/sky///contiki-ng-sky.a(cc2420.o)
 .text.set_poll_mode
                0x0000907a       0x2c build/sky///contiki-ng-sky.a(cc2420.o)
 .text.cc2420_prepare
                0x000090a6       0x3c build/sky///contiki-ng-sky.a(cc2420.o)
 .text.cc2420_on
                0x000090e2       0x22 build/sky///contiki-ng-sky.a(cc2420.o)
                0x000090e2                cc2420_on
 .text.cc2420_transmit
                0x00009104       0x5a build/sky///contiki-ng-sky.a(cc2420.o)
 .text.cc2420_send
                0x0000915e       0x12 build/sky///contiki-ng-sky.a(cc2420.o)
 .text.cc2420_off
                0x00009170       0x30 build/sky///contiki-ng-sky.a(cc2420.o)
                0x00009170                cc2420_off
 .text.cc2420_cca
                0x000091a0       0x68 build/sky///contiki-ng-sky.a(cc2420.o)
 .text.cc2420_read
                0x00009208       0xbe build/sky///contiki-ng-sky.a(cc2420.o)
 .text.process_thread_cc2420_process
                0x000092c6       0x62 build/sky///contiki-ng-sky.a(cc2420.o)
 .text.encrypt  0x00009328       0x88 build/sky///contiki-ng-sky.a(cc2420.o)
 .text.cc2420_set_channel
                0x000093b0       0x3c build/sky///contiki-ng-sky.a(cc2420.o)
                0x000093b0                cc2420_set_channel
 .text.cc2420_set_pan_addr
                0x000093ec       0x4c build/sky///contiki-ng-sky.a(cc2420.o)
                0x000093ec                cc2420_set_pan_addr
 .text.cc2420_interrupt
                0x00009438       0x16 build/sky///contiki-ng-sky.a(cc2420.o)
                0x00009438                cc2420_interrupt
 .text.cc2420_set_txpower
                0x0000944e       0x2c build/sky///contiki-ng-sky.a(cc2420.o)
                0x0000944e                cc2420_set_txpower
 .text.cc2420_get_txpower
                0x0000947a       0x1e build/sky///contiki-ng-sky.a(cc2420.o)
                0x0000947a                cc2420_get_txpower
 .text.cc2420_rssi
                0x00009498       0x4c build/sky///contiki-ng-sky.a(cc2420.o)
                0x00009498                cc2420_rssi
 .text.get_value
                0x000094e4      0x116 build/sky///contiki-ng-sky.a(cc2420.o)
 .text.cc2420_set_cca_threshold
                0x000095fa       0x16 build/sky///contiki-ng-sky.a(cc2420.o)
                0x000095fa                cc2420_set_cca_threshold
 .text.set_value
                0x00009610      0x150 build/sky///contiki-ng-sky.a(cc2420.o)
 .text.cc2420_init
                0x00009760       0xea build/sky///contiki-ng-sky.a(cc2420.o)
                0x00009760                cc2420_init
 .text.cc2420_port1_interrupt
                0x0000984a       0x20 build/sky///contiki-ng-sky.a(cc2420-arch.o)
                0x0000984a                __isr_4
                0x0000984a                cc2420_port1_interrupt
 .text.cc2420_arch_init
                0x0000986a       0x1a build/sky///contiki-ng-sky.a(cc2420-arch.o)
                0x0000986a                cc2420_arch_init
 .text.uart1_active
                0x00009884       0x18 build/sky///contiki-ng-sky.a(uart1.o)
                0x00009884                uart1_active
 .text.uart1_writeb
                0x0000989c       0x18 build/sky///contiki-ng-sky.a(uart1.o)
                0x0000989c                uart1_writeb
 .text.uart1_init
                0x000098b4       0xf4 build/sky///contiki-ng-sky.a(uart1.o)
                0x000098b4                uart1_init
 .text.timera0  0x000099a8       0x2e build/sky///contiki-ng-sky.a(rtimer-arch.o)
                0x000099a8                __isr_6
                0x000099a8                timera0
 .text.rtimer_arch_init
                0x000099d6        0xe build/sky///contiki-ng-sky.a(rtimer-arch.o)
                0x000099d6                rtimer_arch_init
 .text.rtimer_arch_now
                0x000099e4        0xe build/sky///contiki-ng-sky.a(rtimer-arch.o)
                0x000099e4                rtimer_arch_now
 .text.rtimer_arch_schedule
                0x000099f2        0x6 build/sky///contiki-ng-sky.a(rtimer-arch.o)
                0x000099f2                rtimer_arch_schedule
 .text.stimer_set
                0x000099f8       0x1c build/sky///contiki-ng-sky.a(stimer.o)
                0x000099f8                stimer_set
 .text.stimer_expired
                0x00009a14       0x30 build/sky///contiki-ng-sky.a(stimer.o)
                0x00009a14                stimer_expired
 .text.memb_init
                0x00009a44       0x36 build/sky///contiki-ng-sky.a(memb.o)
                0x00009a44                memb_init
 .text.memb_alloc
                0x00009a7a       0x3e build/sky///contiki-ng-sky.a(memb.o)
                0x00009a7a                memb_alloc
 .text.memb_free
                0x00009ab8       0x3a build/sky///contiki-ng-sky.a(memb.o)
                0x00009ab8                memb_free
 .text.memb_inmemb
                0x00009af2       0x2a build/sky///contiki-ng-sky.a(memb.o)
                0x00009af2                memb_inmemb
 .text.memb_numfree
                0x00009b1c       0x26 build/sky///contiki-ng-sky.a(memb.o)
                0x00009b1c                memb_numfree
 .text.item_from_index
                0x00009b42       0x2a build/sky///contiki-ng-sky.a(nbr-table.o)
 .text.index_from_key
                0x00009b6c       0x26 build/sky///contiki-ng-sky.a(nbr-table.o)
 .text.index_from_item
                0x00009b92       0x1e build/sky///contiki-ng-sky.a(nbr-table.o)
 .text.nbr_set_bit
                0x00009bb0       0x58 build/sky///contiki-ng-sky.a(nbr-table.o)
 .text.index_from_lladdr
                0x00009c08       0x42 build/sky///contiki-ng-sky.a(nbr-table.o)
 .text.nbr_get_bit.constprop.0
                0x00009c4a       0x2e build/sky///contiki-ng-sky.a(nbr-table.o)
 .text.nbr_table_is_registered
                0x00009c78       0x22 build/sky///contiki-ng-sky.a(nbr-table.o)
                0x00009c78                nbr_table_is_registered
 .text.nbr_table_register
                0x00009c9a       0x40 build/sky///contiki-ng-sky.a(nbr-table.o)
                0x00009c9a                nbr_table_register
 .text.nbr_table_next
                0x00009cda       0x54 build/sky///contiki-ng-sky.a(nbr-table.o)
                0x00009cda                nbr_table_next
 .text.nbr_table_head
                0x00009d2e       0x3a build/sky///contiki-ng-sky.a(nbr-table.o)
                0x00009d2e                nbr_table_head
 .text.nbr_table_add_lladdr
                0x00009d68      0x164 build/sky///contiki-ng-sky.a(nbr-table.o)
                0x00009d68                nbr_table_add_lladdr
 .text.nbr_table_get_from_lladdr
                0x00009ecc       0x2c build/sky///contiki-ng-sky.a(nbr-table.o)
                0x00009ecc                nbr_table_get_from_lladdr
 .text.nbr_table_remove
                0x00009ef8       0x32 build/sky///contiki-ng-sky.a(nbr-table.o)
                0x00009ef8                nbr_table_remove
 .text.nbr_table_lock
                0x00009f2a       0x10 build/sky///contiki-ng-sky.a(nbr-table.o)
                0x00009f2a                nbr_table_lock
 .text.nbr_table_unlock
                0x00009f3a       0x10 build/sky///contiki-ng-sky.a(nbr-table.o)
                0x00009f3a                nbr_table_unlock
 .text.nbr_table_get_lladdr
                0x00009f4a       0x22 build/sky///contiki-ng-sky.a(nbr-table.o)
                0x00009f4a                nbr_table_get_lladdr
 .text.periodic
                0x00009f6c       0x28 build/sky///contiki-ng-sky.a(link-stats.o)
 .text.link_stats_from_lladdr
                0x00009f94        0xc build/sky///contiki-ng-sky.a(link-stats.o)
                0x00009f94                link_stats_from_lladdr
 .text.link_stats_is_fresh
                0x00009fa0       0x30 build/sky///contiki-ng-sky.a(link-stats.o)
                0x00009fa0                link_stats_is_fresh
 .text.guess_etx_from_rssi
                0x00009fd0       0x42 build/sky///contiki-ng-sky.a(link-stats.o)
                0x00009fd0                guess_etx_from_rssi
 .text.link_stats_packet_sent
                0x0000a012       0xda build/sky///contiki-ng-sky.a(link-stats.o)
                0x0000a012                link_stats_packet_sent
 .text.link_stats_input_callback
                0x0000a0ec       0xb4 build/sky///contiki-ng-sky.a(link-stats.o)
                0x0000a0ec                link_stats_input_callback
 .text.link_stats_init
                0x0000a1a0       0x22 build/sky///contiki-ng-sky.a(link-stats.o)
                0x0000a1a0                link_stats_init
 .text.mac_sequence_is_duplicate
                0x0000a1c2       0x84 build/sky///contiki-ng-sky.a(mac-sequence.o)
                0x0000a1c2                mac_sequence_is_duplicate
 .text.mac_sequence_register_seqno
                0x0000a246       0x90 build/sky///contiki-ng-sky.a(mac-sequence.o)
                0x0000a246                mac_sequence_register_seqno
 .text.mac_call_sent_callback
                0x0000a2d6       0x14 build/sky///contiki-ng-sky.a(mac.o)
                0x0000a2d6                mac_call_sent_callback
 .text.parse    0x0000a2ea       0xa0 build/sky///contiki-ng-sky.a(framer-802154.o)
 .text.framer_802154_setup_params
                0x0000a38a       0xb8 build/sky///contiki-ng-sky.a(framer-802154.o)
                0x0000a38a                framer_802154_setup_params
 .text.create_frame
                0x0000a442       0xde build/sky///contiki-ng-sky.a(framer-802154.o)
 .text.create   0x0000a520        0x8 build/sky///contiki-ng-sky.a(framer-802154.o)
 .text.hdr_length
                0x0000a528        0x8 build/sky///contiki-ng-sky.a(framer-802154.o)
 .text.frame802154_get_pan_id
                0x0000a530        0x6 build/sky///contiki-ng-sky.a(frame802154.o)
                0x0000a530                frame802154_get_pan_id
 .text.frame802154_has_panid
                0x0000a536       0xe0 build/sky///contiki-ng-sky.a(frame802154.o)
                0x0000a536                frame802154_has_panid
 .text.field_len
                0x0000a616       0xac build/sky///contiki-ng-sky.a(frame802154.o)
 .text.frame802154_is_broadcast_addr
                0x0000a6c2       0x28 build/sky///contiki-ng-sky.a(frame802154.o)
                0x0000a6c2                frame802154_is_broadcast_addr
 .text.frame802154_hdrlen
                0x0000a6ea       0x32 build/sky///contiki-ng-sky.a(frame802154.o)
                0x0000a6ea                frame802154_hdrlen
 .text.frame802154_create_fcf
                0x0000a71c       0x96 build/sky///contiki-ng-sky.a(frame802154.o)
                0x0000a71c                frame802154_create_fcf
 .text.frame802154_create
                0x0000a7b2       0xe4 build/sky///contiki-ng-sky.a(frame802154.o)
                0x0000a7b2                frame802154_create
 .text.frame802154_parse_fcf
                0x0000a896       0xbc build/sky///contiki-ng-sky.a(frame802154.o)
                0x0000a896                frame802154_parse_fcf
 .text.frame802154_parse
                0x0000a952      0x168 build/sky///contiki-ng-sky.a(frame802154.o)
                0x0000a952                frame802154_parse
 .text.csma_security_create_frame
                0x0000aaba       0x10 build/sky///contiki-ng-sky.a(csma-security.o)
                0x0000aaba                csma_security_create_frame
 .text.csma_security_parse_frame
                0x0000aaca        0x6 build/sky///contiki-ng-sky.a(csma-security.o)
                0x0000aaca                csma_security_parse_frame
 .text.uipbuf_add_ext_hdr
                0x0000aad0       0x1c build/sky///contiki-ng-sky.a(uipbuf.o)
                0x0000aad0                uipbuf_add_ext_hdr
 .text.uipbuf_set_len
                0x0000aaec       0x12 build/sky///contiki-ng-sky.a(uipbuf.o)
                0x0000aaec                uipbuf_set_len
 .text.uipbuf_set_len_field
                0x0000aafe        0xe build/sky///contiki-ng-sky.a(uipbuf.o)
                0x0000aafe                uipbuf_set_len_field
 .text.uipbuf_get_len_field
                0x0000ab0c        0xe build/sky///contiki-ng-sky.a(uipbuf.o)
                0x0000ab0c                uipbuf_get_len_field
 .text.uipbuf_get_next_header
                0x0000ab1a       0x62 build/sky///contiki-ng-sky.a(uipbuf.o)
                0x0000ab1a                uipbuf_get_next_header
 .text.uipbuf_get_last_header
                0x0000ab7c       0x3e build/sky///contiki-ng-sky.a(uipbuf.o)
                0x0000ab7c                uipbuf_get_last_header
 .text.uipbuf_search_header
                0x0000abba       0x4e build/sky///contiki-ng-sky.a(uipbuf.o)
                0x0000abba                uipbuf_search_header
 .text.uipbuf_get_attr
                0x0000ac08       0x14 build/sky///contiki-ng-sky.a(uipbuf.o)
                0x0000ac08                uipbuf_get_attr
 .text.uipbuf_clear_attr
                0x0000ac1c       0x12 build/sky///contiki-ng-sky.a(uipbuf.o)
                0x0000ac1c                uipbuf_clear_attr
 .text.uipbuf_clear
                0x0000ac2e       0x12 build/sky///contiki-ng-sky.a(uipbuf.o)
                0x0000ac2e                uipbuf_clear
 .text.uipbuf_init
                0x0000ac40       0x1a build/sky///contiki-ng-sky.a(uipbuf.o)
                0x0000ac40                uipbuf_init
 .text.echo_reply_input
                0x0000ac5a       0x68 build/sky///contiki-ng-sky.a(uip-icmp6.o)
 .text.echo_request_input
                0x0000acc2       0x86 build/sky///contiki-ng-sky.a(uip-icmp6.o)
 .text.uip_icmp6_input
                0x0000ad48       0x48 build/sky///contiki-ng-sky.a(uip-icmp6.o)
                0x0000ad48                uip_icmp6_input
 .text.uip_icmp6_register_input_handler
                0x0000ad90        0xc build/sky///contiki-ng-sky.a(uip-icmp6.o)
                0x0000ad90                uip_icmp6_register_input_handler
 .text.uip_icmp6_error_output
                0x0000ad9c      0x13c build/sky///contiki-ng-sky.a(uip-icmp6.o)
                0x0000ad9c                uip_icmp6_error_output
 .text.uip_icmp6_send
                0x0000aed8       0x94 build/sky///contiki-ng-sky.a(uip-icmp6.o)
                0x0000aed8                uip_icmp6_send
 .text.uip_icmp6_init
                0x0000af6c       0x12 build/sky///contiki-ng-sky.a(uip-icmp6.o)
                0x0000af6c                uip_icmp6_init
 .text.node_matches_address.part.0
                0x0000af7e       0x2e build/sky///contiki-ng-sky.a(uip-sr.o)
 .text.uip_sr_get_node
                0x0000afac       0x44 build/sky///contiki-ng-sky.a(uip-sr.o)
                0x0000afac                uip_sr_get_node
 .text.uip_sr_is_addr_reachable
                0x0000aff0       0x4e build/sky///contiki-ng-sky.a(uip-sr.o)
                0x0000aff0                uip_sr_is_addr_reachable
 .text.uip_sr_expire_parent
                0x0000b03e       0x42 build/sky///contiki-ng-sky.a(uip-sr.o)
                0x0000b03e                uip_sr_expire_parent
 .text.uip_sr_num_null_parents
                0x0000b080       0x30 build/sky///contiki-ng-sky.a(uip-sr.o)
                0x0000b080                uip_sr_num_null_parents
 .text.uip_sr_update_node
                0x0000b0b0       0xea build/sky///contiki-ng-sky.a(uip-sr.o)
                0x0000b0b0                uip_sr_update_node
 .text.uip_sr_init
                0x0000b19a       0x2a build/sky///contiki-ng-sky.a(uip-sr.o)
                0x0000b19a                uip_sr_init
 .text.uip_sr_periodic
                0x0000b1c4       0xb4 build/sky///contiki-ng-sky.a(uip-sr.o)
                0x0000b1c4                uip_sr_periodic
 .text.get32    0x0000b278       0x46 build/sky///contiki-ng-sky.a(rpl-icmp6.o)
 .text.set32    0x0000b2be       0x2a build/sky///contiki-ng-sky.a(rpl-icmp6.o)
 .text.get16    0x0000b2e8        0xe build/sky///contiki-ng-sky.a(rpl-icmp6.o)
 .text.set16    0x0000b2f6       0x10 build/sky///contiki-ng-sky.a(rpl-icmp6.o)
 .text.dao_ack_input
                0x0000b306        0x6 build/sky///contiki-ng-sky.a(rpl-icmp6.o)
 .text.dao_input
                0x0000b30c      0x17c build/sky///contiki-ng-sky.a(rpl-icmp6.o)
 .text.dio_input
                0x0000b488      0x2a4 build/sky///contiki-ng-sky.a(rpl-icmp6.o)
 .text.rpl_icmp6_update_nbr_table
                0x0000b72c       0x36 build/sky///contiki-ng-sky.a(rpl-icmp6.o)
                0x0000b72c                rpl_icmp6_update_nbr_table
 .text.dis_output
                0x0000b762       0x74 build/sky///contiki-ng-sky.a(rpl-icmp6.o)
                0x0000b762                dis_output
 .text.dio_output
                0x0000b7d6      0x2a8 build/sky///contiki-ng-sky.a(rpl-icmp6.o)
                0x0000b7d6                dio_output
 .text.dis_input
                0x0000ba7e       0x3a build/sky///contiki-ng-sky.a(rpl-icmp6.o)
 .text.dao_output_target
                0x0000bab8      0x12c build/sky///contiki-ng-sky.a(rpl-icmp6.o)
                0x0000bab8                dao_output_target
 .text.dao_output
                0x0000bbe4      0x118 build/sky///contiki-ng-sky.a(rpl-icmp6.o)
                0x0000bbe4                dao_output
 .text.rpl_icmp6_register_handlers
                0x0000bcfc       0x22 build/sky///contiki-ng-sky.a(rpl-icmp6.o)
                0x0000bcfc                rpl_icmp6_register_handlers
 .text.lollipop_greater_than
                0x0000bd1e       0x3c build/sky///contiki-ng-sky.a(rpl-dag.o)
 .text.find_parent_any_dag_any_instance
                0x0000bd5a       0x14 build/sky///contiki-ng-sky.a(rpl-dag.o)
 .text.rpl_set_preferred_parent
                0x0000bd6e       0x30 build/sky///contiki-ng-sky.a(rpl-dag.o)
 .text.set_ip_from_prefix
                0x0000bd9e       0x38 build/sky///contiki-ng-sky.a(rpl-dag.o)
 .text.check_prefix
                0x0000bdd6       0x80 build/sky///contiki-ng-sky.a(rpl-dag.o)
 .text.rpl_dag_init
                0x0000be56        0xe build/sky///contiki-ng-sky.a(rpl-dag.o)
                0x0000be56                rpl_dag_init
 .text.rpl_get_parent
                0x0000be64        0xc build/sky///contiki-ng-sky.a(rpl-dag.o)
                0x0000be64                rpl_get_parent
 .text.rpl_rank_via_parent
                0x0000be70       0x2a build/sky///contiki-ng-sky.a(rpl-dag.o)
                0x0000be70                rpl_rank_via_parent
 .text.rpl_get_parent_lladdr
                0x0000be9a        0xc build/sky///contiki-ng-sky.a(rpl-dag.o)
                0x0000be9a                rpl_get_parent_lladdr
 .text.rpl_parent_get_ipaddr
                0x0000bea6        0xa build/sky///contiki-ng-sky.a(rpl-dag.o)
                0x0000bea6                rpl_parent_get_ipaddr
 .text.rpl_get_parent_link_stats
                0x0000beb0        0xa build/sky///contiki-ng-sky.a(rpl-dag.o)
                0x0000beb0                rpl_get_parent_link_stats
 .text.rpl_parent_is_fresh
                0x0000beba        0xa build/sky///contiki-ng-sky.a(rpl-dag.o)
                0x0000beba                rpl_parent_is_fresh
 .text.best_parent
                0x0000bec4       0x82 build/sky///contiki-ng-sky.a(rpl-dag.o)
 .text.rpl_set_prefix
                0x0000bf46       0x9c build/sky///contiki-ng-sky.a(rpl-dag.o)
                0x0000bf46                rpl_set_prefix
 .text.rpl_set_default_route
                0x0000bfe2       0x3e build/sky///contiki-ng-sky.a(rpl-dag.o)
                0x0000bfe2                rpl_set_default_route
 .text.rpl_alloc_instance
                0x0000c020       0x34 build/sky///contiki-ng-sky.a(rpl-dag.o)
                0x0000c020                rpl_alloc_instance
 .text.rpl_get_default_instance
                0x0000c054        0x6 build/sky///contiki-ng-sky.a(rpl-dag.o)
                0x0000c054                rpl_get_default_instance
 .text.rpl_add_parent
                0x0000c05a       0x76 build/sky///contiki-ng-sky.a(rpl-dag.o)
                0x0000c05a                rpl_add_parent
 .text.rpl_find_parent
                0x0000c0d0       0x1a build/sky///contiki-ng-sky.a(rpl-dag.o)
                0x0000c0d0                rpl_find_parent
 .text.rpl_find_parent_any_dag
                0x0000c0ea       0x22 build/sky///contiki-ng-sky.a(rpl-dag.o)
                0x0000c0ea                rpl_find_parent_any_dag
 .text.rpl_select_parent
                0x0000c10c       0x74 build/sky///contiki-ng-sky.a(rpl-dag.o)
                0x0000c10c                rpl_select_parent
 .text.rpl_select_dag
                0x0000c180      0x136 build/sky///contiki-ng-sky.a(rpl-dag.o)
                0x0000c180                rpl_select_dag
 .text.rpl_nullify_parent
                0x0000c2b6       0x4a build/sky///contiki-ng-sky.a(rpl-dag.o)
                0x0000c2b6                rpl_nullify_parent
 .text.rpl_remove_parent
                0x0000c300       0x46 build/sky///contiki-ng-sky.a(rpl-dag.o)
                0x0000c300                rpl_remove_parent
 .text.nbr_callback
                0x0000c346        0x6 build/sky///contiki-ng-sky.a(rpl-dag.o)
 .text.remove_parents.constprop.3
                0x0000c34c       0x30 build/sky///contiki-ng-sky.a(rpl-dag.o)
 .text.rpl_free_dag
                0x0000c37c       0x2e build/sky///contiki-ng-sky.a(rpl-dag.o)
                0x0000c37c                rpl_free_dag
 .text.rpl_move_parent
                0x0000c3aa       0x46 build/sky///contiki-ng-sky.a(rpl-dag.o)
                0x0000c3aa                rpl_move_parent
 .text.rpl_has_downward_route
                0x0000c3f0       0x1c build/sky///contiki-ng-sky.a(rpl-dag.o)
                0x0000c3f0                rpl_has_downward_route
 .text.rpl_get_dag
                0x0000c40c       0x86 build/sky///contiki-ng-sky.a(rpl-dag.o)
                0x0000c40c                rpl_get_dag
 .text.rpl_get_any_dag
                0x0000c492       0x16 build/sky///contiki-ng-sky.a(rpl-dag.o)
                0x0000c492                rpl_get_any_dag
 .text.rpl_has_joined
                0x0000c4a8       0x10 build/sky///contiki-ng-sky.a(rpl-dag.o)
                0x0000c4a8                rpl_has_joined
 .text.rpl_get_instance
                0x0000c4b8       0x16 build/sky///contiki-ng-sky.a(rpl-dag.o)
                0x0000c4b8                rpl_get_instance
 .text.rpl_alloc_dag
                0x0000c4ce       0x64 build/sky///contiki-ng-sky.a(rpl-dag.o)
                0x0000c4ce                rpl_alloc_dag
 .text.rpl_repair_root
                0x0000c532       0x4c build/sky///contiki-ng-sky.a(rpl-dag.o)
                0x0000c532                rpl_repair_root
 .text.rpl_find_of
                0x0000c57e       0x10 build/sky///contiki-ng-sky.a(rpl-dag.o)
                0x0000c57e                rpl_find_of
 .text.rpl_set_root
                0x0000c58e      0x14e build/sky///contiki-ng-sky.a(rpl-dag.o)
                0x0000c58e                rpl_set_root
 .text.rpl_join_instance
                0x0000c6dc      0x15a build/sky///contiki-ng-sky.a(rpl-dag.o)
                0x0000c6dc                rpl_join_instance
 .text.rpl_local_repair
                0x0000c836       0x82 build/sky///contiki-ng-sky.a(rpl-dag.o)
                0x0000c836                rpl_local_repair
 .text.rpl_process_parent_event
                0x0000c8b8       0x8e build/sky///contiki-ng-sky.a(rpl-dag.o)
                0x0000c8b8                rpl_process_parent_event
 .text.rpl_recalculate_ranks
                0x0000c946       0x44 build/sky///contiki-ng-sky.a(rpl-dag.o)
                0x0000c946                rpl_recalculate_ranks
 .text.rpl_add_dag
                0x0000c98a      0x114 build/sky///contiki-ng-sky.a(rpl-dag.o)
                0x0000c98a                rpl_add_dag
 .text.rpl_process_dio
                0x0000ca9e      0x344 build/sky///contiki-ng-sky.a(rpl-dag.o)
                0x0000ca9e                rpl_process_dio
 .text.new_dio_interval
                0x0000cde2       0x92 build/sky///contiki-ng-sky.a(rpl-timers.o)
 .text.handle_unicast_dio_timer
                0x0000ce74       0x1c build/sky///contiki-ng-sky.a(rpl-timers.o)
 .text.set_dao_lifetime_timer
                0x0000ce90       0x86 build/sky///contiki-ng-sky.a(rpl-timers.o)
 .text.handle_periodic_timer
                0x0000cf16       0x52 build/sky///contiki-ng-sky.a(rpl-timers.o)
 .text.schedule_dao
                0x0000cf68       0x82 build/sky///contiki-ng-sky.a(rpl-timers.o)
 .text.handle_dio_timer
                0x0000cfea       0x88 build/sky///contiki-ng-sky.a(rpl-timers.o)
 .text.handle_dao_timer
                0x0000d072       0x64 build/sky///contiki-ng-sky.a(rpl-timers.o)
 .text.rpl_reset_periodic_timer
                0x0000d0d6       0x54 build/sky///contiki-ng-sky.a(rpl-timers.o)
                0x0000d0d6                rpl_reset_periodic_timer
 .text.rpl_reset_dio_timer
                0x0000d12a       0x18 build/sky///contiki-ng-sky.a(rpl-timers.o)
                0x0000d12a                rpl_reset_dio_timer
 .text.rpl_schedule_dao
                0x0000d142        0xc build/sky///contiki-ng-sky.a(rpl-timers.o)
                0x0000d142                rpl_schedule_dao
 .text.rpl_schedule_unicast_dio_immediately
                0x0000d14e       0x16 build/sky///contiki-ng-sky.a(rpl-timers.o)
                0x0000d14e                rpl_schedule_unicast_dio_immediately
 .text.get_probing_target
                0x0000d164       0xf8 build/sky///contiki-ng-sky.a(rpl-timers.o)
                0x0000d164                get_probing_target
 .text.rpl_schedule_probing
                0x0000d25c       0x3c build/sky///contiki-ng-sky.a(rpl-timers.o)
                0x0000d25c                rpl_schedule_probing
 .text.handle_probing_timer
                0x0000d298       0x98 build/sky///contiki-ng-sky.a(rpl-timers.o)
 .text.rpl_schedule_probing_now
                0x0000d330       0x26 build/sky///contiki-ng-sky.a(rpl-timers.o)
                0x0000d330                rpl_schedule_probing_now
 .text.update_hbh_header
                0x0000d356       0x58 build/sky///contiki-ng-sky.a(rpl-ext-header.)
 .text.insert_hbh_header
                0x0000d3ae       0x80 build/sky///contiki-ng-sky.a(rpl-ext-header.)
 .text.rpl_ext_header_hbh_update
                0x0000d42e       0xd6 build/sky///contiki-ng-sky.a(rpl-ext-header.)
                0x0000d42e                rpl_ext_header_hbh_update
 .text.rpl_ext_header_srh_get_next_hop
                0x0000d504       0x82 build/sky///contiki-ng-sky.a(rpl-ext-header.)
                0x0000d504                rpl_ext_header_srh_get_next_hop
 .text.rpl_ext_header_srh_update
                0x0000d586      0x104 build/sky///contiki-ng-sky.a(rpl-ext-header.)
                0x0000d586                rpl_ext_header_srh_update
 .text.rpl_ext_header_remove
                0x0000d68a       0xb2 build/sky///contiki-ng-sky.a(rpl-ext-header.)
                0x0000d68a                rpl_ext_header_remove
 .text.rpl_ext_header_update
                0x0000d73c      0x256 build/sky///contiki-ng-sky.a(rpl-ext-header.)
                0x0000d73c                rpl_ext_header_update
 .text.update_nbr
                0x0000d992       0xba build/sky///contiki-ng-sky.a(rpl-nbr-policy.)
 .text.find_removable_dis
                0x0000da4c       0x16 build/sky///contiki-ng-sky.a(rpl-nbr-policy.)
                0x0000da4c                find_removable_dis
 .text.find_removable_dio
                0x0000da62       0x3e build/sky///contiki-ng-sky.a(rpl-nbr-policy.)
                0x0000da62                find_removable_dio
 .text.find_removable_dao
                0x0000daa0       0x34 build/sky///contiki-ng-sky.a(rpl-nbr-policy.)
                0x0000daa0                find_removable_dao
 .text.rpl_nbr_policy_find_removable
                0x0000dad4       0x30 build/sky///contiki-ng-sky.a(rpl-nbr-policy.)
                0x0000dad4                rpl_nbr_policy_find_removable
 .text.reset    0x0000db04        0x2 build/sky///contiki-ng-sky.a(rpl-mrhof.o)
 .text.update_metric_container
                0x0000db06        0x6 build/sky///contiki-ng-sky.a(rpl-mrhof.o)
 .text.parent_link_metric
                0x0000db0c       0x12 build/sky///contiki-ng-sky.a(rpl-mrhof.o)
 .text.parent_has_usable_link
                0x0000db1e       0x14 build/sky///contiki-ng-sky.a(rpl-mrhof.o)
 .text.best_dag
                0x0000db32       0x2e build/sky///contiki-ng-sky.a(rpl-mrhof.o)
 .text.parent_path_cost
                0x0000db60       0x44 build/sky///contiki-ng-sky.a(rpl-mrhof.o)
 .text.parent_is_acceptable
                0x0000dba4       0x2e build/sky///contiki-ng-sky.a(rpl-mrhof.o)
 .text.rank_via_parent
                0x0000dbd2       0x56 build/sky///contiki-ng-sky.a(rpl-mrhof.o)
 .text.best_parent
                0x0000dc28       0x82 build/sky///contiki-ng-sky.a(rpl-mrhof.o)
 .text.spi_init
                0x0000dcaa       0x30 build/sky///contiki-ng-sky.a(spi-legacy.o)
                0x0000dcaa                spi_init
 .text.libgcc   0x0000dcda       0x2c /usr/local/bin/../lib/gcc/msp430/4.7.2/mmpy-16/libgcc.a(_mulsi3.o)
                0x0000dcda                __mulsi3
 .text.libgcc   0x0000dd06       0x22 /usr/local/bin/../lib/gcc/msp430/4.7.2/mmpy-16/libgcc.a(_udivmod16.o)
                0x0000dd06                __udivhi3
                0x0000dd06                __ext_udivmod16
                0x0000dd20                __umodhi3
 .text.libgcc   0x0000dd28       0x3a /usr/local/bin/../lib/gcc/msp430/4.7.2/mmpy-16/libgcc.a(_divmod16.o)
                0x0000dd28                __ext_divmod16
                0x0000dd28                __divhi3
                0x0000dd5a                __modhi3
 .text.libgcc   0x0000dd62       0x40 /usr/local/bin/../lib/gcc/msp430/4.7.2/mmpy-16/libgcc.a(_udivmod32.o)
                0x0000dd62                __udivsi3
                0x0000dd62                __ext_udivmod32
                0x0000dd98                __umodsi3
 .text.libgcc   0x0000dda2       0x4c /usr/local/bin/../lib/gcc/msp430/4.7.2/mmpy-16/libgcc.a(_divmod32.o)
                0x0000dda2                __ext_divmod32
                0x0000dda2                __divsi3
                0x0000dde4                __modsi3
 .text.printf   0x0000ddee       0x10 /usr/local/bin/../lib/gcc/msp430/4.7.2/../../../../msp430/lib/mmpy-16/libc.a(printf.o)
                0x0000ddee                printf
 .text.append   0x0000ddfe       0x22 /usr/local/bin/../lib/gcc/msp430/4.7.2/../../../../msp430/lib/mmpy-16/libc.a(sprintf.o)
 .text.call_vuprintf
                0x0000de20       0x3a /usr/local/bin/../lib/gcc/msp430/4.7.2/../../../../msp430/lib/mmpy-16/libc.a(sprintf.o)
 .text.snprintf
                0x0000de5a       0x1a /usr/local/bin/../lib/gcc/msp430/4.7.2/../../../../msp430/lib/mmpy-16/libc.a(sprintf.o)
                0x0000de5a                snprintf
 .text.print_field
                0x0000de74      0x194 /usr/local/bin/../lib/gcc/msp430/4.7.2/../../../../msp430/lib/mmpy-16/libc.a(vuprintf.o)
 .text.vuprintf
                0x0000e008      0x63e /usr/local/bin/../lib/gcc/msp430/4.7.2/../../../../msp430/lib/mmpy-16/libc.a(vuprintf.o)
                0x0000e008                vuprintf
 .text.puts     0x0000e646       0x2c /usr/local/bin/../lib/gcc/msp430/4.7.2/../../../../msp430/lib/mmpy-16/libc.a(puts.o)
                0x0000e646                puts
 .text.rand     0x0000e672       0x26 /usr/local/bin/../lib/gcc/msp430/4.7.2/../../../../msp430/lib/mmpy-16/libc.a(rand.o)
                0x0000e672                rand
 .text.srand    0x0000e698        0xa /usr/local/bin/../lib/gcc/msp430/4.7.2/../../../../msp430/lib/mmpy-16/libc.a(rand.o)
                0x0000e698                srand
 .text.memcmp   0x0000e6a2       0x30 /usr/local/bin/../lib/gcc/msp430/4.7.2/../../../../msp430/lib/mmpy-16/libc.a(memcmp.o)
                0x0000e6a2                memcmp
 .text.memcpy   0x0000e6d2       0xfa /usr/local/bin/../lib/gcc/msp430/4.7.2/../../../../msp430/lib/mmpy-16/libc.a(memcpy.o)
                0x0000e6d2                memcpy
 .text.memmove  0x0000e7cc       0xfa /usr/local/bin/../lib/gcc/msp430/4.7.2/../../../../msp430/lib/mmpy-16/libc.a(memmove.o)
                0x0000e7cc                memmove
 .text.memset   0x0000e8c6       0x6a /usr/local/bin/../lib/gcc/msp430/4.7.2/../../../../msp430/lib/mmpy-16/libc.a(memset.o)
                0x0000e8c6                memset
 .text.libgcc   0x0000e930       0xf0 /usr/local/bin/../lib/gcc/msp430/4.7.2/mmpy-16/libgcc.a(_udivmod64.o)
                0x0000e930                __xabi_udivmod64
                0x0000e98e                __udivdi3
                0x0000e9b4                __umoddi3
                0x0000e9e2                __udivmoddi4
 .text.crt0     0x0000ea20        0x2 /usr/local/bin/../lib/gcc/msp430/4.7.2/mmpy-16/libcrt0.a(_unexpected_.o)
                0x0000ea20                _unexpected_
 *(.near.text .near.text.*)

.rodata         0x0000ea24      0x5f3
                0x0000ea24                . = ALIGN (0x2)
 *(.rodata .rodata.* .gnu.linkonce.r.*)
 .rodata        0x0000ea24       0x62 sink.o
                0x0000ea7c                autostart_processes
 .rodata        0x0000ea86       0xf2 build/sky///obj/contiki-main.o
 .rodata        0x0000eb78       0x31 build/sky///contiki-ng-sky.a(platform.o)
 .rodata        0x0000eba9        0xf build/sky///contiki-ng-sky.a(ctimer.o)
 .rodata        0x0000ebb8       0xb2 build/sky///contiki-ng-sky.a(log.o)
 .rodata        0x0000ec6a        0xc build/sky///contiki-ng-sky.a(etimer.o)
 .rodata        0x0000ec76        0x8 build/sky///contiki-ng-sky.a(linkaddr.o)
                0x0000ec76                linkaddr_null
 .rodata        0x0000ec7e       0x14 build/sky///contiki-ng-sky.a(csma.o)
                0x0000ec84                csma_driver
 .rodata        0x0000ec92       0x2d build/sky///contiki-ng-sky.a(uiplib.o)
 .rodata        0x0000ecbf        0xd build/sky///contiki-ng-sky.a(tcpip.o)
 .rodata        0x0000eccc       0x2f build/sky///contiki-ng-sky.a(uip-ds6-route.o)
 .rodata        0x0000ecfb       0x33 build/sky///contiki-ng-sky.a(uip-ds6-nbr.o)
 .rodata        0x0000ed2e       0x13 build/sky///contiki-ng-sky.a(simple-udp.o)
 *fill*         0x0000ed41        0x1 00
 .rodata        0x0000ed42       0x26 build/sky///contiki-ng-sky.a(sicslowpan.o)
                0x0000ed4e                sicslowpan_driver
                0x0000ed56                llprefix
                0x0000ed58                unc_mxconf
                0x0000ed5c                unc_ctxconf
                0x0000ed60                unc_llconf
 .rodata        0x0000ed68       0x34 build/sky///contiki-ng-sky.a(rpl.o)
                0x0000ed74                rpl_classic_driver
 .rodata        0x0000ed9c       0x10 build/sky///contiki-ng-sky.a(button-sensor.o)
                0x0000eda4                button_sensor
 .rodata        0x0000edac        0x8 build/sky///contiki-ng-sky.a(sensors.o)
 .rodata.get_value
                0x0000edb4       0x24 build/sky///contiki-ng-sky.a(cc2420.o)
 .rodata.set_value
                0x0000edd8       0x10 build/sky///contiki-ng-sky.a(cc2420.o)
 .rodata        0x0000ede8       0x3e build/sky///contiki-ng-sky.a(cc2420.o)
                0x0000ede8                cc2420_aes_128_driver
                0x0000edec                cc2420_driver
 .rodata        0x0000ee26        0x6 build/sky///contiki-ng-sky.a(framer-802154.o)
                0x0000ee26                framer_802154
 .rodata        0x0000ee2c        0x2 build/sky///contiki-ng-sky.a(frame802154.o)
 .rodata        0x0000ee2e       0xbb build/sky///contiki-ng-sky.a(uip-sr.o)
 .rodata        0x0000eee9       0x72 build/sky///contiki-ng-sky.a(rpl-icmp6.o)
 .rodata        0x0000ef5b       0xb5 build/sky///contiki-ng-sky.a(rpl-dag.o)
 .rodata.vuprintf
                0x0000f010        0x7 /usr/local/bin/../lib/gcc/msp430/4.7.2/../../../../msp430/lib/mmpy-16/libc.a(vuprintf.o)
 *(.near.rodata .near.rodata.*)
                0x0000f018                . = ALIGN (0x2)
                0x0000f018                _etext = .

.data           0x00001100      0x136 load address 0x0000f018
                0x00001100                . = ALIGN (0x2)
                0x00001100                __data_start = .
 *(.data .data.* .gnu.linkonce.d.*)
 .data          0x00001100        0xa sink.o
                0x00001100                sink_process
 .data          0x0000110a        0x2 build/sky///contiki-ng-sky.a(msp430.o)
 .data          0x0000110c        0xa build/sky///contiki-ng-sky.a(ctimer.o)
                0x0000110c                ctimer_process
 .data          0x00001116       0x4a build/sky///contiki-ng-sky.a(log.o)
                0x00001116                all_modules
                0x0000115e                curr_log_level_main
 .data          0x00001160        0xa build/sky///contiki-ng-sky.a(etimer.o)
                0x00001160                etimer_process
 .data          0x0000116a       0x10 build/sky///contiki-ng-sky.a(queuebuf.o)
 .data          0x0000117a       0x18 build/sky///contiki-ng-sky.a(csma-output.o)
 .data          0x00001192        0xa build/sky///contiki-ng-sky.a(tcpip.o)
                0x00001192                tcpip_process
 .data          0x0000119c        0x8 build/sky///contiki-ng-sky.a(uip-ds6-route.o)
 .data          0x000011a4        0x8 build/sky///contiki-ng-sky.a(uip-ds6-nbr.o)
 .data          0x000011ac        0x6 build/sky///contiki-ng-sky.a(uip-nd6.o)
 .data          0x000011b2        0xa build/sky///contiki-ng-sky.a(simple-udp.o)
                0x000011b2                simple_udp_process
 .data          0x000011bc        0x4 build/sky///contiki-ng-sky.a(contiki-sky-pla)
                0x000011bc                sensors
 .data          0x000011c0        0xa build/sky///contiki-ng-sky.a(sensors.o)
                0x000011c0                sensors_process
 .data          0x000011ca        0xc build/sky///contiki-ng-sky.a(cc2420.o)
                0x000011ca                cc2420_process
 .data          0x000011d6        0x8 build/sky///contiki-ng-sky.a(nbr-table.o)
 .data          0x000011de        0x8 build/sky///contiki-ng-sky.a(link-stats.o)
 .data          0x000011e6        0x2 build/sky///contiki-ng-sky.a(frame802154.o)
 .data          0x000011e8        0xc build/sky///contiki-ng-sky.a(uip-icmp6.o)
 .data          0x000011f4        0x8 build/sky///contiki-ng-sky.a(uip-sr.o)
 .data          0x000011fc       0x1a build/sky///contiki-ng-sky.a(rpl-icmp6.o)
 .data          0x00001216        0xa build/sky///contiki-ng-sky.a(rpl-dag.o)
                0x00001216                rpl_parents
 .data          0x00001220       0x12 build/sky///contiki-ng-sky.a(rpl-mrhof.o)
                0x00001220                rpl_mrhof
 .data.next     0x00001232        0x4 /usr/local/bin/../lib/gcc/msp430/4.7.2/../../../../msp430/lib/mmpy-16/libc.a(rand.o)
 *(.near.data .near.data.*)
                0x00001236                . = ALIGN (0x2)
                0x00001236                _edata = .
                0x0000f018                __data_load_start = LOADADDR (.data)
                0x00000136                __data_size = SIZEOF (.data)

.bss            0x00001236     0x2306 load address 0x0000f14e
                0x00001236                __bss_start = .
 *(.bss .bss.*)
 .bss           0x00001236       0x1c sink.o
 .bss           0x00001252        0x8 build/sky///contiki-ng-sky.a(platform.o)
 .bss           0x0000125a        0xa build/sky///contiki-ng-sky.a(clock.o)
 .bss           0x00001264        0x2 build/sky///contiki-ng-sky.a(watchdog.o)
 .bss           0x00001266        0x4 build/sky///contiki-ng-sky.a(ctimer.o)
 .bss           0x0000126a       0x14 build/sky///contiki-ng-sky.a(log.o)
                0x0000126a                curr_log_level_lwm2m
                0x0000126c                curr_log_level_coap
                0x0000126e                curr_log_level_6top
                0x00001270                curr_log_level_framer
                0x00001272                curr_log_level_mac
                0x00001274                curr_log_level_nullnet
                0x00001276                curr_log_level_6lowpan
                0x00001278                curr_log_level_ipv6
                0x0000127a                curr_log_level_tcpip
                0x0000127c                curr_log_level_rpl
 .bss           0x0000127e        0x6 build/sky///contiki-ng-sky.a(etimer.o)
 .bss           0x00001284        0x2 build/sky///contiki-ng-sky.a(node-id.o)
                0x00001284                node_id
 .bss           0x00001286       0xc8 build/sky///contiki-ng-sky.a(process.o)
                0x00001286                process_current
                0x00001288                process_list
 .bss           0x0000134e        0x2 build/sky///contiki-ng-sky.a(rtimer.o)
 .bss           0x00001350      0x580 build/sky///contiki-ng-sky.a(queuebuf.o)
 .bss           0x000018d0       0x86 build/sky///contiki-ng-sky.a(packetbuf.o)
 .bss           0x00001956        0x2 build/sky///contiki-ng-sky.a(netstack.o)
 .bss           0x00001958       0xbe build/sky///contiki-ng-sky.a(csma-output.o)
 .bss           0x00001a16       0x18 build/sky///contiki-ng-sky.a(uip-ds6.o)
 .bss           0x00001a2e        0xc build/sky///contiki-ng-sky.a(tcpip.o)
 .bss           0x00001a3a       0x3c build/sky///contiki-ng-sky.a(uip-ds6-route.o)
 .bss           0x00001a76      0x1d4 build/sky///contiki-ng-sky.a(uip-ds6-nbr.o)
 .bss           0x00001c4a        0x6 build/sky///contiki-ng-sky.a(uip6.o)
                0x00001c4a                uip_last_proto
                0x00001c4b                uip_ext_len
                0x00001c4c                uip_ext_bitmap
 .bss           0x00001c50        0x8 build/sky///contiki-ng-sky.a(uip-nd6.o)
 .bss           0x00001c58       0xf1 build/sky///contiki-ng-sky.a(simple-udp.o)
 *fill*         0x00001d49        0x1 00
 .bss           0x00001d4a      0x6e0 build/sky///contiki-ng-sky.a(sicslowpan.o)
 .bss           0x0000242a        0x2 build/sky///contiki-ng-sky.a(rpl.o)
 .bss           0x0000242c       0x12 build/sky///contiki-ng-sky.a(rpl-dag-root.o)
 .bss           0x0000243e        0x8 build/sky///contiki-ng-sky.a(button-sensor.o)
 .bss           0x00002446        0x6 build/sky///contiki-ng-sky.a(sensors.o)
 .bss           0x0000244c       0x10 build/sky///contiki-ng-sky.a(cc2420.o)
 .bss           0x0000245c       0x9a build/sky///contiki-ng-sky.a(uart1.o)
 .bss           0x000024f6      0x166 build/sky///contiki-ng-sky.a(nbr-table.o)
 .bss           0x0000265c      0x104 build/sky///contiki-ng-sky.a(link-stats.o)
 .bss           0x00002760       0xe0 build/sky///contiki-ng-sky.a(mac-sequence.o)
 .bss           0x00002840        0x2 build/sky///contiki-ng-sky.a(framer-802154.o)
 .bss           0x00002842       0x18 build/sky///contiki-ng-sky.a(uipbuf.o)
 .bss           0x0000285a       0x14 build/sky///contiki-ng-sky.a(uip-icmp6.o)
 .bss           0x0000286e      0x770 build/sky///contiki-ng-sky.a(uip-sr.o)
 .bss           0x00002fde        0x6 build/sky///contiki-ng-sky.a(rpl-icmp6.o)
                0x00002fde                dao_storing_rpl
                0x00002fe0                dio_storing_rpl
                0x00002fe2                dis_storing_rpl
 .bss           0x00002fe4       0x9c build/sky///contiki-ng-sky.a(rpl-dag.o)
 .bss           0x00003080       0x18 build/sky///contiki-ng-sky.a(rpl-timers.o)
 .bss           0x00003098        0xa build/sky///contiki-ng-sky.a(rpl-nbr-policy.)
 .bss.destination_
                0x000030a2        0x2 /usr/local/bin/../lib/gcc/msp430/4.7.2/../../../../msp430/lib/mmpy-16/libc.a(sprintf.o)
 .bss.available_
                0x000030a4        0x2 /usr/local/bin/../lib/gcc/msp430/4.7.2/../../../../msp430/lib/mmpy-16/libc.a(sprintf.o)
 *(.near.bss .near.bss.*)
 *(COMMON)
 COMMON         0x000030a6        0x2 build/sky///contiki-ng-sky.a(msp430.o)
                0x000030a6                msp430_dco_required
 COMMON         0x000030a8       0x2a build/sky///contiki-ng-sky.a(packetbuf.o)
                0x000030a8                packetbuf_addrs
                0x000030b8                packetbuf_attrs
 COMMON         0x000030d2        0x8 build/sky///contiki-ng-sky.a(linkaddr.o)
                0x000030d2                linkaddr_node_addr
 COMMON         0x000030da      0x15c build/sky///contiki-ng-sky.a(uip-ds6.o)
                0x000030da                uip_ds6_timer_ra
                0x000030e2                uip_ds6_if
                0x000031ce                uip_ds6_netif_addr_list_offset
                0x000031cf                uip_ds6_addr_size
                0x000031d0                uip_ds6_prefix_list
                0x0000322a                uip_ds6_timer_periodic
 COMMON         0x00003236        0x1 build/sky///contiki-ng-sky.a(tcpip.o)
                0x00003236                tcpip_event
 *fill*         0x00003237        0x1 00
 COMMON         0x00003238      0x1d6 build/sky///contiki-ng-sky.a(uip6.o)
                0x00003238                uip_len
                0x0000323a                uip_sappdata
                0x0000323c                uip_lladdr
                0x00003244                uip_aligned_buf
                0x00003334                uip_flags
                0x00003336                uip_udp_conn
                0x00003338                uip_appdata
                0x0000333a                uip_conn
                0x0000333c                uip_slen
                0x0000333e                uip_udp_conns
 COMMON         0x0000340e        0x2 build/sky///contiki-ng-sky.a(contiki-sky-pla)
                0x0000340e                sensors_flags
 COMMON         0x00003410        0x8 build/sky///contiki-ng-sky.a(ds2411.o)
                0x00003410                ds2411_id